Component: ARM Compiler 5.06 update 7 (build 960) Tool: armlink [4d3601]

==============================================================================

Section Cross References

    startup_stm32f407xx.o(STACK) refers (Special) to heapauxi.o(.text) for __use_two_region_memory
    startup_stm32f407xx.o(HEAP) refers (Special) to heapauxi.o(.text) for __use_two_region_memory
    startup_stm32f407xx.o(RESET) refers (Special) to heapauxi.o(.text) for __use_two_region_memory
    startup_stm32f407xx.o(RESET) refers to startup_stm32f407xx.o(STACK) for __initial_sp
    startup_stm32f407xx.o(RESET) refers to startup_stm32f407xx.o(.text) for Reset_Handler
    startup_stm32f407xx.o(RESET) refers to stm32f4xx_it.o(i.NMI_Handler) for NMI_Handler
    startup_stm32f407xx.o(RESET) refers to stm32f4xx_it.o(i.HardFault_Handler) for HardFault_Handler
    startup_stm32f407xx.o(RESET) refers to stm32f4xx_it.o(i.MemManage_Handler) for MemManage_Handler
    startup_stm32f407xx.o(RESET) refers to stm32f4xx_it.o(i.BusFault_Handler) for BusFault_Handler
    startup_stm32f407xx.o(RESET) refers to stm32f4xx_it.o(i.UsageFault_Handler) for UsageFault_Handler
    startup_stm32f407xx.o(RESET) refers to port.o(.emb_text) for SVC_Handler
    startup_stm32f407xx.o(RESET) refers to stm32f4xx_it.o(i.DebugMon_Handler) for DebugMon_Handler
    startup_stm32f407xx.o(RESET) refers to stm32f4xx_it.o(i.SysTick_Handler) for SysTick_Handler
    startup_stm32f407xx.o(RESET) refers to stm32f4xx_it.o(i.EXTI0_IRQHandler) for EXTI0_IRQHandler
    startup_stm32f407xx.o(RESET) refers to stm32f4xx_it.o(i.EXTI3_IRQHandler) for EXTI3_IRQHandler
    startup_stm32f407xx.o(RESET) refers to stm32f4xx_it.o(i.EXTI4_IRQHandler) for EXTI4_IRQHandler
    startup_stm32f407xx.o(RESET) refers to stm32f4xx_it.o(i.CAN1_RX0_IRQHandler) for CAN1_RX0_IRQHandler
    startup_stm32f407xx.o(RESET) refers to stm32f4xx_it.o(i.EXTI9_5_IRQHandler) for EXTI9_5_IRQHandler
    startup_stm32f407xx.o(RESET) refers to stm32f4xx_it.o(i.USART1_IRQHandler) for USART1_IRQHandler
    startup_stm32f407xx.o(RESET) refers to remote_control.o(i.USART3_IRQHandler) for USART3_IRQHandler
    startup_stm32f407xx.o(RESET) refers to stm32f4xx_it.o(i.DMA2_Stream1_IRQHandler) for DMA2_Stream1_IRQHandler
    startup_stm32f407xx.o(RESET) refers to ins_task.o(i.DMA2_Stream2_IRQHandler) for DMA2_Stream2_IRQHandler
    startup_stm32f407xx.o(RESET) refers to stm32f4xx_it.o(i.CAN2_RX0_IRQHandler) for CAN2_RX0_IRQHandler
    startup_stm32f407xx.o(RESET) refers to stm32f4xx_it.o(i.DMA2_Stream6_IRQHandler) for DMA2_Stream6_IRQHandler
    startup_stm32f407xx.o(RESET) refers to stm32f4xx_it.o(i.DMA2_Stream7_IRQHandler) for DMA2_Stream7_IRQHandler
    startup_stm32f407xx.o(RESET) refers to stm32f4xx_it.o(i.USART6_IRQHandler) for USART6_IRQHandler
    startup_stm32f407xx.o(.text) refers (Special) to heapauxi.o(.text) for __use_two_region_memory
    startup_stm32f407xx.o(.text) refers to system_stm32f4xx.o(i.SystemInit) for SystemInit
    startup_stm32f407xx.o(.text) refers to __main.o(!!!main) for __main
    startup_stm32f407xx.o(.text) refers to startup_stm32f407xx.o(HEAP) for Heap_Mem
    startup_stm32f407xx.o(.text) refers to startup_stm32f407xx.o(STACK) for Stack_Mem
    main.o(i.SystemClock_Config) refers to rt_memclr_w.o(.text) for __aeabi_memclr4
    main.o(i.SystemClock_Config) refers to stm32f4xx_hal_rcc.o(i.HAL_RCC_OscConfig) for HAL_RCC_OscConfig
    main.o(i.SystemClock_Config) refers to main.o(i.Error_Handler) for Error_Handler
    main.o(i.SystemClock_Config) refers to stm32f4xx_hal_rcc.o(i.HAL_RCC_ClockConfig) for HAL_RCC_ClockConfig
    main.o(i.main) refers to stm32f4xx_hal.o(i.HAL_Init) for HAL_Init
    main.o(i.main) refers to main.o(i.SystemClock_Config) for SystemClock_Config
    main.o(i.main) refers to gpio.o(i.MX_GPIO_Init) for MX_GPIO_Init
    main.o(i.main) refers to dma.o(i.MX_DMA_Init) for MX_DMA_Init
    main.o(i.main) refers to can.o(i.MX_CAN1_Init) for MX_CAN1_Init
    main.o(i.main) refers to can.o(i.MX_CAN2_Init) for MX_CAN2_Init
    main.o(i.main) refers to spi.o(i.MX_SPI1_Init) for MX_SPI1_Init
    main.o(i.main) refers to tim.o(i.MX_TIM4_Init) for MX_TIM4_Init
    main.o(i.main) refers to tim.o(i.MX_TIM5_Init) for MX_TIM5_Init
    main.o(i.main) refers to usart.o(i.MX_USART3_UART_Init) for MX_USART3_UART_Init
    main.o(i.main) refers to i2c.o(i.MX_I2C3_Init) for MX_I2C3_Init
    main.o(i.main) refers to rtc.o(i.MX_RTC_Init) for MX_RTC_Init
    main.o(i.main) refers to tim.o(i.MX_TIM10_Init) for MX_TIM10_Init
    main.o(i.main) refers to usart.o(i.MX_USART6_UART_Init) for MX_USART6_UART_Init
    main.o(i.main) refers to usart.o(i.MX_USART1_UART_Init) for MX_USART1_UART_Init
    main.o(i.main) refers to bsp_can.o(i.can_filter_init) for can_filter_init
    main.o(i.main) refers to bsp_delay.o(i.delay_init) for delay_init
    main.o(i.main) refers to remote_control.o(i.remote_control_init) for remote_control_init
[...]
    mid_point                                0x20000098   Data           8  vmc.o(.data)
    xd                                       0x200000a0   Data           4  vmc.o(.data)
    yd                                       0x200000a4   Data           4  vmc.o(.data)
    xb                                       0x200000a8   Data           4  vmc.o(.data)
    yb                                       0x200000ac   Data           4  vmc.o(.data)
    A0                                       0x200000b0   Data           4  vmc.o(.data)
    B0                                       0x200000b4   Data           4  vmc.o(.data)
    C0                                       0x200000b8   Data           4  vmc.o(.data)
    ddL0_count                               0x200000bc   Data           4  vmc.o(.data)
    phi0_dot                                 0x200000c0   Data           4  vmc.o(.data)
    phi0_dot_R                               0x200000c4   Data           4  vmc.o(.data)
    p                                        0x200000c8   Data         192  lqr.o(.data)
    k_para                                   0x20000188   Data          48  lqr.o(.data)
    torque                                   0x200001b8   Data           8  lqr.o(.data)
    k_noleg                                  0x200001c0   Data          48  lqr.o(.data)
    ground_detectionL_TEST                   0x200001f0   Data           1  lqr.o(.data)
    ptr_error                                0x200001f4   Data           8  lqr.o(.data)
    ptr_torque                               0x200001fc   Data           8  lqr.o(.data)
    ptr_p                                    0x20000204   Data           8  lqr.o(.data)
    ptr_L0                                   0x2000020c   Data           8  lqr.o(.data)
    ptr_k                                    0x20000214   Data           8  lqr.o(.data)
    ptr_k_cal                                0x2000021c   Data           8  lqr.o(.data)
    ptr_jacobi_left                          0x20000224   Data           8  lqr.o(.data)
    ptr_inv_jacobi_left                      0x2000022c   Data           8  lqr.o(.data)
    ptr_jacobi_right                         0x20000234   Data           8  lqr.o(.data)
    ptr_inv_jacobi_right                     0x2000023c   Data           8  lqr.o(.data)
    jiliflag_l                               0x20000244   Data           4  lqr.o(.data)
    Rz                                       0x20000248   Data           4  lqr.o(.data)
    Qz                                       0x2000024c   Data           4  lqr.o(.data)
    wr                                       0x20000250   Data           4  lqr.o(.data)
    wl                                       0x20000254   Data           4  lqr.o(.data)
    vrb                                      0x20000258   Data           4  lqr.o(.data)
    vlb                                      0x2000025c   Data           4  lqr.o(.data)
    aver_v                                   0x20000260   Data           4  lqr.o(.data)
    aver_c_test                              0x20000264   Data           4  lqr.o(.data)
    wr_TEST                                  0x20000268   Data           4  lqr.o(.data)
    wl_TEST                                  0x2000026c   Data           4  lqr.o(.data)
    pose                                     0x20000270   Data           8  lqr.o(.data)
    balance_angle                            0x20000278   Data           4  lqr.o(.data)
    theta_angle                              0x2000027c   Data           4  lqr.o(.data)
    disp_para                                0x20000280   Data           4  lqr.o(.data)
    first_desire                             0x20000284   Data           1  lqr.o(.data)
    rc_control_speed                         0x20000288   Data           4  lqr.o(.data)
    inc_speed                                0x2000028c   Data           4  lqr.o(.data)
    matrix_judge                             0x20000290   Data           4  lqr.o(.data)
    LEG_LEFT_PID                             0x2000029c   Data          12  leg_length.o(.data)
    LEG_RIGHT_PID                            0x200002a8   Data          12  leg_length.o(.data)
    LEG_ROLL_PID                             0x200002b4   Data          12  leg_length.o(.data)
    leg_length_max_out                       0x200002c0   Data           4  leg_length.o(.data)
    leg_length_max_iout                      0x200002c4   Data           4  leg_length.o(.data)
    leg_roll_max_out                         0x200002c8   Data           4  leg_length.o(.data)
    leg_roll_max_iout                        0x200002cc   Data           4  leg_length.o(.data)
    balance_angle_test                       0x200002d0   Data           4  leg_length.o(.data)
    balance_time_thres                       0x200002d4   Data           4  leg_length.o(.data)
    balance_time                             0x200002d8   Data           4  leg_length.o(.data)
    left_desire_slow                         0x200002dc   Data           4  leg_length.o(.data)
    right_desire_slow                        0x200002e0   Data           4  leg_length.o(.data)
    leg_slow_inc                             0x200002e4   Data           4  leg_length.o(.data)
    mode_gogo_flag                           0x200002e8   Data           4  leg_length.o(.data)
    balance_roll                             0x200002ec   Data           4  leg_length.o(.data)
    LEG_LEG_HARMO_PID                        0x200002f0   Data          12  leg_harmo.o(.data)
    leg_LEG_HARMO_max_out                    0x200002fc   Data           4  leg_harmo.o(.data)
    leg_LEG_HARMO_max_iout                   0x20000300   Data           4  leg_harmo.o(.data)
    leg_LEG_TEST_max_out                     0x20000304   Data           4  leg_harmo.o(.data)
    leg_LEG_TEST_max_iout                    0x20000308   Data           4  leg_harmo.o(.data)
    angle_error_set                          0x2000030c   Data           4  leg_harmo.o(.data)
    leg_harmo_out_right                      0x20000310   Data           4  leg_harmo.o(.data)
    p_R                                      0x20000314   Data         192  lqr_r.o(.data)
    k_para_R                                 0x200003d4   Data          48  lqr_r.o(.data)
    torque_R                                 0x20000404   Data           8  lqr_r.o(.data)
    k_noleg_R                                0x2000040c   Data          48  lqr_r.o(.data)
    ptr_error_R                              0x2000043c   Data           8  lqr_r.o(.data)
    ptr_torque_R                             0x20000444   Data           8  lqr_r.o(.data)
    ptr_p_R                                  0x2000044c   Data           8  lqr_r.o(.data)
    ptr_L0_R                                 0x20000454   Data           8  lqr_r.o(.data)
    ptr_k_R                                  0x2000045c   Data           8  lqr_r.o(.data)
    ptr_k_cal_R                              0x20000464   Data           8  lqr_r.o(.data)
    ptr_jacobi_left_R                        0x2000046c   Data           8  lqr_r.o(.data)
    ptr_inv_jacobi_left_R                    0x20000474   Data           8  lqr_r.o(.data)
    ptr_jacobi_right_R                       0x2000047c   Data           8  lqr_r.o(.data)
    ptr_inv_jacobi_right_R                   0x20000484   Data           8  lqr_r.o(.data)
    ground_detectionR_TEST                   0x2000048c   Data           1  lqr_r.o(.data)
    jiliflag_R                               0x20000490   Data           4  lqr_r.o(.data)
    pose_R                                   0x20000494   Data           8  lqr_r.o(.data)
    lqr_speed                                0x2000049c   Data           4  lqr_r.o(.data)
    balance_angle_R                          0x200004a0   Data           4  lqr_r.o(.data)
    theta_angle_R                            0x200004a4   Data           4  lqr_r.o(.data)
    disp_para_R                              0x200004a8   Data           4  lqr_r.o(.data)
    first_desire_R                           0x200004ac   Data           1  lqr_r.o(.data)
    matrix_judge_R                           0x200004b0   Data           4  lqr_r.o(.data)
    SystemCoreClock                          0x200004b4   Data           4  system_stm32f4xx.o(.data)
    calibrate_task_stack                     0x200004c8   Data           4  calibrate_task.o(.data)
    cali_hook_fun                            0x200004f4   Data          20  calibrate_task.o(.data)
    rx_flag                                  0x20000534   Data           1  can_receive.o(.data)
    DM8009_ERROR                             0x20000535   Data           1  can_receive.o(.data)
    vaEstimateKF_F                           0x20000558   Data          16  chassis_task.o(.data)
    vaEstimateKF_P                           0x20000568   Data          16  chassis_task.o(.data)
    vaEstimateKF_Q                           0x20000578   Data          16  chassis_task.o(.data)
    vaEstimateKF_R                           0x20000588   Data          16  chassis_task.o(.data)
    vel_acc                                  0x20000598   Data           8  chassis_task.o(.data)
    OBSERVE_TIME                             0x200005a0   Data           4  chassis_task.o(.data)
    lqr_cal_flag                             0x200005a4   Data           4  chassis_task.o(.data)
    code_start                               0x200005a8   Data           4  chassis_task.o(.data)
    gyro_dma_rx_buf                          0x200005b0   Data           8  ins_task.o(.data)
    gyro_dma_tx_buf                          0x200005b8   Data           8  ins_task.o(.data)
    accel_dma_tx_buf                         0x200005c0   Data           9  ins_task.o(.data)
    accel_temp_dma_rx_buf                    0x200005c9   Data           4  ins_task.o(.data)
    accel_temp_dma_tx_buf                    0x200005cd   Data           4  ins_task.o(.data)
    gyro_update_flag                         0x200005d1   Data           1  ins_task.o(.data)
    accel_update_flag                        0x200005d2   Data           1  ins_task.o(.data)
    accel_temp_update_flag                   0x200005d3   Data           1  ins_task.o(.data)
    mag_update_flag                          0x200005d4   Data           1  ins_task.o(.data)
    imu_start_dma_flag                       0x200005d5   Data           1  ins_task.o(.data)
    gyro_scale_factor                        0x200005d8   Data          36  ins_task.o(.data)
    accel_scale_factor                       0x200005fc   Data          36  ins_task.o(.data)
    mag_scale_factor                         0x20000620   Data          36  ins_task.o(.data)
    INS_YawAngleLast                         0x20000648   Data           4  ins_task.o(.data)
    INS_YawRoundCount                        0x2000064c   Data           4  ins_task.o(.data)
    INS_YawTotalAngle                        0x20000650   Data           4  ins_task.o(.data)
    RGB_flow_color                           0x2000065c   Data          28  led_flow_task.o(.data)
    Data                                     0x20000678   Data           8  led_flow_task.o(.data)
    Data_1                                   0x20000680   Data           8  led_flow_task.o(.data)
    error_list_test_local                    0x2000068c   Data           4  test_task.o(.data)
    chassis_feedback                         0x20000698   Data           4  com_task.o(.data)
    BMI088_ACCEL_SEN                         0x200006c0   Data           4  bmi088driver.o(.data)
    BMI088_GYRO_SEN                          0x200006c4   Data           4  bmi088driver.o(.data)
    uwTickFreq                               0x200006ec   Data           1  stm32f4xx_hal.o(.data)
    uwTickPrio                               0x200006f0   Data           4  stm32f4xx_hal.o(.data)
    uwTick                                   0x200006f4   Data           4  stm32f4xx_hal.o(.data)
    pxCurrentTCB                             0x200006f8   Data           4  tasks.o(.data)
    hcan1                                    0x20000e2c   Data          40  can.o(.bss)
    hcan2                                    0x20000e54   Data          40  can.o(.bss)
    hi2c3                                    0x20000e7c   Data          84  i2c.o(.bss)
    hrtc                                     0x20000ed0   Data          32  rtc.o(.bss)
    hspi1                                    0x20000ef0   Data          88  spi.o(.bss)
    hdma_spi1_rx                             0x20000f48   Data          96  spi.o(.bss)
    hdma_spi1_tx                             0x20000fa8   Data          96  spi.o(.bss)
    htim4                                    0x20001008   Data          72  tim.o(.bss)
    htim5                                    0x20001050   Data          72  tim.o(.bss)
    htim10                                   0x20001098   Data          72  tim.o(.bss)
    huart1                                   0x200010e0   Data          68  usart.o(.bss)
    huart3                                   0x20001124   Data          68  usart.o(.bss)
    huart6                                   0x20001168   Data          68  usart.o(.bss)
    hdma_usart1_tx                           0x200011ac   Data          96  usart.o(.bss)
    hdma_usart3_rx                           0x2000120c   Data          96  usart.o(.bss)
    hdma_usart6_rx                           0x2000126c   Data          96  usart.o(.bss)
    hdma_usart6_tx                           0x200012cc   Data          96  usart.o(.bss)
    leg_control                              0x2000132c   Data          32  leg_control.o(.bss)
    leg_speed_left_cal                       0x2000134c   Data          72  leg_control.o(.bss)
    leg_speed_right_cal                      0x20001394   Data          72  leg_control.o(.bss)
    SL_LEG_SPEED_CAL                         0x200013dc   Data          12  leg_control.o(.bss)
    L0_ddot_filter                           0x200013e8   Data          16  leg_control.o(.bss)
    motion_resolve                           0x200013f8   Data         168  vmc.o(.bss)
    lqr                                      0x200014a0   Data          92  lqr.o(.bss)
    L0                                       0x200014fc   Data          16  lqr.o(.bss)
    k                                        0x2000150c   Data          48  lqr.o(.bss)
    k_cal                                    0x2000153c   Data          48  lqr.o(.bss)
    k_copy                                   0x2000156c   Data          48  lqr.o(.bss)
    jacobi_left                              0x2000159c   Data          16  lqr.o(.bss)
    inv_jacobi_left                          0x200015ac   Data          16  lqr.o(.bss)
    jacobi_right                             0x200015bc   Data          16  lqr.o(.bss)
    inv_jacobi_right                         0x200015cc   Data          16  lqr.o(.bss)
    leg_length                               0x200015dc   Data         176  leg_length.o(.bss)
    roll_comp                                0x2000168c   Data          72  leg_length.o(.bss)
    leg_harmo                                0x200016d4   Data          76  leg_harmo.o(.bss)
    right_leg                                0x20001720   Data          72  leg_harmo.o(.bss)
    LEG_LEG_TEST_PID                         0x20001768   Data          12  leg_harmo.o(.bss)
    lqr_R                                    0x20001774   Data          92  lqr_r.o(.bss)
    L0_R                                     0x200017d0   Data          16  lqr_r.o(.bss)
    k_R                                      0x200017e0   Data          48  lqr_r.o(.bss)
    k_cal_R                                  0x20001810   Data          48  lqr_r.o(.bss)
    k_copy_R                                 0x20001840   Data          48  lqr_r.o(.bss)
    jacobi_left_R                            0x20001870   Data          16  lqr_r.o(.bss)
    inv_jacobi_left_R                        0x20001880   Data          16  lqr_r.o(.bss)
    jacobi_right_R                           0x20001890   Data          16  lqr_r.o(.bss)
    inv_jacobi_right_R                       0x200018a0   Data          16  lqr_r.o(.bss)
    cali_sensor                              0x20001984   Data          65  calibrate_task.o(.bss)
    driving_motor                            0x200019c8   Data         128  can_receive.o(.bss)
    DM8009_READ_data_1                       0x20001ad8   Data          32  can_receive.o(.bss)
    DM8009_READ_data_2                       0x20001af8   Data          32  can_receive.o(.bss)
    DM8009_READ_data_3                       0x20001b18   Data          32  can_receive.o(.bss)
    DM8009_READ_data_4                       0x20001b38   Data          32  can_receive.o(.bss)
    vaEstimateKF                             0x20001b58   Data         320  chassis_task.o(.bss)
    vaEstimateKF_K                           0x20001c98   Data          16  chassis_task.o(.bss)
    balance_chassis                          0x20001ca8   Data         164  chassis_task.o(.bss)
    accel_dma_rx_buf                         0x20002014   Data           9  ins_task.o(.bss)
    bmi088_real_data                         0x20002020   Data          36  ins_task.o(.bss)
    gyro_offset                              0x20002044   Data          12  ins_task.o(.bss)
    gyro_cali_offset                         0x20002050   Data          12  ins_task.o(.bss)
    accel_offset                             0x2000205c   Data          12  ins_task.o(.bss)
    accel_cali_offset                        0x20002068   Data          12  ins_task.o(.bss)
    ist8310_real_data                        0x20002074   Data          16  ins_task.o(.bss)
    mag_offset                               0x20002084   Data          12  ins_task.o(.bss)
    mag_cali_offset                          0x20002090   Data          12  ins_task.o(.bss)
    INS_gyro                                 0x20002108   Data          12  ins_task.o(.bss)
    INS_accel                                0x20002114   Data          12  ins_task.o(.bss)
    INS_mag                                  0x20002120   Data          12  ins_task.o(.bss)
    INS_quat                                 0x2000212c   Data          16  ins_task.o(.bss)
    INS_angle                                0x2000213c   Data          12  ins_task.o(.bss)
    rc_ctrl                                  0x20002148   Data          22  remote_control.o(.bss)
    state_filter                             0x200023c8   Data          96  chassis_filter.o(.bss)
    state_filter_para                        0x20002428   Data          24  chassis_filter.o(.bss)
    output_filter                            0x20002440   Data          32  chassis_filter.o(.bss)
    joint_filter                             0x20002460   Data          64  chassis_filter.o(.bss)
    joint_w_filter                           0x200024a0   Data          64  chassis_filter.o(.bss)
    moto_lpf                                 0x200024e0   Data         128  chassis_filter.o(.bss)
    xQueueRegistry                           0x20002560   Data          64  queue.o(.bss)
    __libspace_start                         0x200087a0   Data          96  libspace.o(.bss)
    __temporary_stack_top$libspace           0x20008800   Data           0  libspace.o(.bss)



==============================================================================

Memory Map of the image

  Image Entry point : 0x08000189

  Load Region LR_IROM1 (Base: 0x08000000, Size: 0x00013be4, Max: 0x00100000, ABSOLUTE, COMPRESSED[0x00013784])

    Execution Region ER_IROM1 (Exec base: 0x08000000, Load base: 0x08000000, Size: 0x00013460, Max: 0x00100000, ABSOLUTE)

    Exec Addr    Load Addr    Size         Type   Attr      Idx    E Section Name        Object

    0x08000000   0x08000000   0x00000188   Data   RO            3    RESET               startup_stm32f407xx.o
    0x08000188   0x08000188   0x00000008   Code   RO         9568  * !!!main             c_w.l(__main.o)
    0x08000190   0x08000190   0x00000034   Code   RO        10006    !!!scatter          c_w.l(__scatter.o)
    0x080001c4   0x080001c4   0x00000064   Code   RO        10004    !!dclz77c           c_w.l(__dclz77c.o)
    0x08000228   0x08000228   0x0000001c   Code   RO        10008    !!handler_zi        c_w.l(__scatter_zi.o)
    0x08000244   0x08000244   0x00000002   Code   RO         9941    .ARM.Collect$$libinit$$00000000  c_w.l(libinit.o)
    0x08000246   0x08000246   0x00000004   Code   RO         9750    .ARM.Collect$$libinit$$00000001  c_w.l(libinit2.o)
    0x0800024a   0x0800024a   0x00000000   Code   RO         9753    .ARM.Collect$$libinit$$00000004  c_w.l(libinit2.o)
    0x0800024a   0x0800024a   0x00000000   Code   RO         9756    .ARM.Collect$$libinit$$0000000A  c_w.l(libinit2.o)
    0x0800024a   0x0800024a   0x00000000   Code   RO         9758    .ARM.Collect$$libinit$$0000000C  c_w.l(libinit2.o)
    0x0800024a   0x0800024a   0x00000000   Code   RO         9760    .ARM.Collect$$libinit$$0000000E  c_w.l(libinit2.o)
    0x0800024a   0x0800024a   0x00000000   Code   RO         9763    .ARM.Collect$$libinit$$00000011  c_w.l(libinit2.o)
    0x0800024a   0x0800024a   0x00000000   Code   RO         9765    .ARM.Collect$$libinit$$00000013  c_w.l(libinit2.o)
    0x0800024a   0x0800024a   0x00000000   Code   RO         9767    .ARM.Collect$$libinit$$00000015  c_w.l(libinit2.o)
    0x0800024a   0x0800024a   0x00000000   Code   RO         9769    .ARM.Collect$$libinit$$00000017  c_w.l(libinit2.o)
    0x0800024a   0x0800024a   0x00000000   Code   RO         9771    .ARM.Collect$$libinit$$00000019  c_w.l(libinit2.o)
    0x0800024a   0x0800024a   0x00000000   Code   RO         9773    .ARM.Collect$$libinit$$0000001B  c_w.l(libinit2.o)
    0x0800024a   0x0800024a   0x00000000   Code   RO         9775    .ARM.Collect$$libinit$$0000001D  c_w.l(libinit2.o)
    0x0800024a   0x0800024a   0x00000000   Code   RO         9777    .ARM.Collect$$libinit$$0000001F  c_w.l(libinit2.o)
    0x0800024a   0x0800024a   0x00000000   Code   RO         9779    .ARM.Collect$$libinit$$00000021  c_w.l(libinit2.o)
    0x0800024a   0x0800024a   0x00000000   Code   RO         9781    .ARM.Collect$$libinit$$00000023  c_w.l(libinit2.o)
    0x0800024a   0x0800024a   0x00000000   Code   RO         9783    .ARM.Collect$$libinit$$00000025  c_w.l(libinit2.o)
    0x0800024a   0x0800024a   0x00000000   Code   RO         9787    .ARM.Collect$$libinit$$0000002C  c_w.l(libinit2.o)
    0x0800024a   0x0800024a   0x00000000   Code   RO         9789    .ARM.Collect$$libinit$$0000002E  c_w.l(libinit2.o)
    0x0800024a   0x0800024a   0x00000000   Code   RO         9791    .ARM.Collect$$libinit$$00000030  c_w.l(libinit2.o)
    0x0800024a   0x0800024a   0x00000000   Code   RO         9793    .ARM.Collect$$libinit$$00000032  c_w.l(libinit2.o)
    0x0800024a   0x0800024a   0x00000002   Code   RO         9794    .ARM.Collect$$libinit$$00000033  c_w.l(libinit2.o)
    0x0800024c   0x0800024c   0x00000002   Code   RO        10001    .ARM.Collect$$libshutdown$$00000000  c_w.l(libshutdown.o)
    0x0800024e   0x0800024e   0x00000000   Code   RO         9957    .ARM.Collect$$libshutdown$$00000002  c_w.l(libshutdown2.o)
    0x0800024e   0x0800024e   0x00000000   Code   RO         9959    .ARM.Collect$$libshutdown$$00000004  c_w.l(libshutdown2.o)
    0x0800024e   0x0800024e   0x00000000   Code   RO         9961    .ARM.Collect$$libshutdown$$00000006  c_w.l(libshutdown2.o)
    0x0800024e   0x0800024e   0x00000000   Code   RO         9964    .ARM.Collect$$libshutdown$$00000009  c_w.l(libshutdown2.o)
    0x0800024e   0x0800024e   0x00000000   Code   RO         9967    .ARM.Collect$$libshutdown$$0000000C  c_w.l(libshutdown2.o)
    0x0800024e   0x0800024e   0x00000000   Code   RO         9969    .ARM.Collect$$libshutdown$$0000000E  c_w.l(libshutdown2.o)
    0x0800024e   0x0800024e   0x00000000   Code   RO         9972    .ARM.Collect$$libshutdown$$00000011  c_w.l(libshutdown2.o)
    0x0800024e   0x0800024e   0x00000002   Code   RO         9973    .ARM.Collect$$libshutdown$$00000012  c_w.l(libshutdown2.o)
    0x08000250   0x08000250   0x00000000   Code   RO         9710    .ARM.Collect$$rtentry$$00000000  c_w.l(__rtentry.o)
    0x08000250   0x08000250   0x00000000   Code   RO         9869    .ARM.Collect$$rtentry$$00000002  c_w.l(__rtentry2.o)
    0x08000250   0x08000250   0x00000006   Code   RO         9881    .ARM.Collect$$rtentry$$00000004  c_w.l(__rtentry4.o)
    0x08000256   0x08000256   0x00000000   Code   RO         9871    .ARM.Collect$$rtentry$$00000009  c_w.l(__rtentry2.o)
    0x08000256   0x08000256   0x00000004   Code   RO         9872    .ARM.Collect$$rtentry$$0000000A  c_w.l(__rtentry2.o)
    0x0800025a   0x0800025a   0x00000000   Code   RO         9874    .ARM.Collect$$rtentry$$0000000C  c_w.l(__rtentry2.o)
    0x0800025a   0x0800025a   0x00000008   Code   RO         9875    .ARM.Collect$$rtentry$$0000000D  c_w.l(__rtentry2.o)
    0x08000262   0x08000262   0x00000002   Code   RO         9944    .ARM.Collect$$rtexit$$00000000  c_w.l(rtexit.o)
    0x08000264   0x08000264   0x00000000   Code   RO         9977    .ARM.Collect$$rtexit$$00000002  c_w.l(rtexit2.o)
    0x08000264   0x08000264   0x00000004   Code   RO         9978    .ARM.Collect$$rtexit$$00000003  c_w.l(rtexit2.o)
    0x08000268   0x08000268   0x00000006   Code   RO         9979    .ARM.Collect$$rtexit$$00000004  c_w.l(rtexit2.o)
    0x0800026e   0x0800026e   0x00000002   PAD
    0x08000270   0x08000270   0x000000be   Code   RO         9025    .emb_text           port.o
    0x0800032e   0x0800032e   0x00000002   PAD
    0x08000330   0x08000330   0x00000040   Code   RO            4    .text               startup_stm32f407xx.o
    0x08000370   0x08000370   0x00000078   Code   RO         9192    .text               arm_cortexM4lf_math.lib(arm_cos_f32.o)
    0x080003e8   0x080003e8   0x00000074   Code   RO         9245    .text               arm_cortexM4lf_math.lib(arm_sin_f32.o)
    0x0800045c   0x0800045c   0x0000013c   Code   RO         9341    .text               arm_cortexM4lf_math.lib(arm_mat_mult_f32.o)
    0x08000598   0x08000598   0x000000ee   Code   RO         9550    .text               c_w.l(lludivv7m.o)
    0x08000686   0x08000686   0x0000003e   Code   RO         9552    .text               c_w.l(strlen.o)
    0x080006c4   0x080006c4   0x0000008a   Code   RO         9554    .text               c_w.l(rt_memcpy_v6.o)
    0x0800074e   0x0800074e   0x00000064   Code   RO         9556    .text               c_w.l(rt_memcpy_w.o)
    0x080007b2   0x080007b2   0x00000010   Code   RO         9560    .text               c_w.l(aeabi_memset.o)
    0x080007c2   0x080007c2   0x00000044   Code   RO         9562    .text               c_w.l(rt_memclr.o)
    0x08000806   0x08000806   0x0000004e   Code   RO         9564    .text               c_w.l(rt_memclr_w.o)
    0x08000854   0x08000854   0x00000006   Code   RO         9566    .text               c_w.l(heapauxi.o)
    0x0800085a   0x0800085a   0x00000016   Code   RO         9746    .text               c_w.l(_rserrno.o)
    0x08000870   0x08000870   0x00000008   Code   RO         9865    .text               c_w.l(libspace.o)
    0x08000878   0x08000878   0x00000008   Code   RO         9888    .text               c_w.l(rt_errno_addr_intlibspace.o)
    0x08000880   0x08000880   0x00000030   Code   RO         9898    .text               c_w.l(_fptrap.o)
    0x080008b0   0x080008b0   0x00000002   Code   RO         9913    .text               c_w.l(use_no_semi.o)
    0x080008b2   0x080008b2   0x00000000   Code   RO         9915    .text               c_w.l(indicate_semi.o)
    0x080008b2   0x080008b2   0x0000004a   Code   RO         9916    .text               c_w.l(sys_stackheap_outer.o)
    0x080008fc   0x080008fc   0x00000012   Code   RO         9922    .text               c_w.l(exit.o)
    0x0800090e   0x0800090e   0x0000000a   Code   RO         9924    .text               c_w.l(defsig_exit.o)
    0x08000918   0x08000918   0x0000000e   Code   RO         9926    .text               c_w.l(defsig_fpe_outer.o)
    0x08000926   0x08000926   0x00000002   PAD
    0x08000928   0x08000928   0x0000000c   Code   RO         9942    .text               c_w.l(sys_exit.o)
    0x08000934   0x08000934   0x00000032   Code   RO         9952    .text               c_w.l(defsig_general.o)
    0x08000966   0x08000966   0x00000002   PAD
    0x08000968   0x08000968   0x000000ac   Code   RO         9954    .text               c_w.l(defsig_fpe_inner.o)
    0x08000a14   0x08000a14   0x0000000e   Code   RO         9974    .text               c_w.l(sys_wrch.o)
    0x08000a22   0x08000a22   0x00000018   Code   RO         3276    i.AHRS_asinf        ahrs_middleware.o
    0x08000a3a   0x08000a3a   0x00000020   Code   RO         3277    i.AHRS_atan2f       ahrs_middleware.o
    0x08000a5a   0x08000a5a   0x00000018   Code   RO         3278    i.AHRS_cosf         ahrs_middleware.o
    0x08000a72   0x08000a72   0x0000001a   Code   RO         9102    i.AHRS_fabs         AHRS.lib(ahrs.o)
    0x08000a8c   0x08000a8c   0x00000010   Code   RO         3279    i.AHRS_get_height   ahrs_middleware.o
    0x08000a9c   0x08000a9c   0x0000000c   Code   RO         3280    i.AHRS_get_latitude  ahrs_middleware.o
    0x08000aa8   0x08000aa8   0x0000029c   Code   RO         9103    i.AHRS_init         AHRS.lib(ahrs.o)
    0x08000d44   0x08000d44   0x00000024   Code   RO         3281    i.AHRS_invSqrt      ahrs_middleware.o
    0x08000d68   0x08000d68   0x00000018   Code   RO         3282    i.AHRS_sinf         ahrs_middleware.o
    0x08000d80   0x08000d80   0x0000013a   Code   RO         9104    i.AHRS_update       AHRS.lib(ahrs.o)
    0x08000eba   0x08000eba   0x00000002   PAD
    0x08000ebc   0x08000ebc   0x00000014   Code   RO         3067    i.BMI088_ACCEL_NS_H  bmi088middleware.o
    0x08000ed0   0x08000ed0   0x00000014   Code   RO         3068    i.BMI088_ACCEL_NS_L  bmi088middleware.o
    0x08000ee4   0x08000ee4   0x00000002   Code   RO         3069    i.BMI088_GPIO_init  bmi088middleware.o
    0x08000ee6   0x08000ee6   0x00000002   PAD
    0x08000ee8   0x08000ee8   0x00000014   Code   RO         3070    i.BMI088_GYRO_NS_H  bmi088middleware.o
    0x08000efc   0x08000efc   0x00000014   Code   RO         3071    i.BMI088_GYRO_NS_L  bmi088middleware.o
    0x08000f10   0x08000f10   0x00000090   Code   RO         2931    i.BMI088_accel_read_over  bmi088driver.o
    0x08000fa0   0x08000fa0   0x00000002   Code   RO         3072    i.BMI088_com_init   bmi088middleware.o
    0x08000fa2   0x08000fa2   0x0000000c   Code   RO         3073    i.BMI088_delay_ms   bmi088middleware.o
    0x08000fae   0x08000fae   0x0000000c   Code   RO         3074    i.BMI088_delay_us   bmi088middleware.o
    0x08000fba   0x08000fba   0x00000002   PAD
    0x08000fbc   0x08000fbc   0x00000068   Code   RO         2932    i.BMI088_gyro_read_over  bmi088driver.o
    0x08001024   0x08001024   0x00000034   Code   RO         2933    i.BMI088_init       bmi088driver.o
    0x08001058   0x08001058   0x0000017c   Code   RO         2934    i.BMI088_read       bmi088driver.o
    0x080011d4   0x080011d4   0x00000026   Code   RO         2937    i.BMI088_read_muli_reg  bmi088driver.o
    0x080011fa   0x080011fa   0x00000018   Code   RO         2938    i.BMI088_read_single_reg  bmi088driver.o
    0x08001212   0x08001212   0x00000002   PAD
    0x08001214   0x08001214   0x00000020   Code   RO         3075    i.BMI088_read_write_byte  bmi088middleware.o
    0x08001234   0x08001234   0x00000034   Code   RO         2939    i.BMI088_temperature_read_over  bmi088driver.o
    0x08001268   0x08001268   0x00000014   Code   RO         2940    i.BMI088_write_single_reg  bmi088driver.o
    0x0800127c   0x0800127c   0x00000004   Code   RO          720    i.BusFault_Handler  stm32f4xx_it.o
    0x08001280   0x08001280   0x00000010   Code   RO          721    i.CAN1_RX0_IRQHandler  stm32f4xx_it.o
    0x08001290   0x08001290   0x00000010   Code   RO          722    i.CAN2_RX0_IRQHandler  stm32f4xx_it.o
    0x080012a0   0x080012a0   0x00000060   Code   RO         2117    i.CANx_SendStdData  can_receive.o
    0x08001300   0x08001300   0x0000011c   Code   RO         2120    i.DM8009_ctrl_motor  can_receive.o
    0x0800141c   0x0800141c   0x0000001c   Code   RO         2121    i.DM8009_enable_motor  can_receive.o
    0x08001438   0x08001438   0x00000010   Code   RO          723    i.DMA2_Stream1_IRQHandler  stm32f4xx_it.o
    0x08001448   0x08001448   0x00000898   Code   RO         2541    i.DMA2_Stream2_IRQHandler  ins_task.o
    0x08001ce0   0x08001ce0   0x00000010   Code   RO          724    i.DMA2_Stream6_IRQHandler  stm32f4xx_it.o
    0x08001cf0   0x08001cf0   0x00000010   Code   RO          725    i.DMA2_Stream7_IRQHandler  stm32f4xx_it.o
    0x08001d00   0x08001d00   0x00000034   Code   RO         4344    i.DMA_CalcBaseAndBitshift  stm32f4xx_hal_dma.o
    0x08001d34   0x08001d34   0x0000007e   Code   RO         4345    i.DMA_CheckFifoParam  stm32f4xx_hal_dma.o
    0x08001db2   0x08001db2   0x00000038   Code   RO         4346    i.DMA_SetConfig     stm32f4xx_hal_dma.o
    0x08001dea   0x08001dea   0x00000002   Code   RO          726    i.DebugMon_Handler  stm32f4xx_it.o
    0x08001dec   0x08001dec   0x0000000a   Code   RO          727    i.EXTI0_IRQHandler  stm32f4xx_it.o
    0x08001df6   0x08001df6   0x0000000a   Code   RO          728    i.EXTI3_IRQHandler  stm32f4xx_it.o
    0x08001e00   0x08001e00   0x0000000a   Code   RO          729    i.EXTI4_IRQHandler  stm32f4xx_it.o
    0x08001e0a   0x08001e0a   0x0000000a   Code   RO          730    i.EXTI9_5_IRQHandler  stm32f4xx_it.o
    0x08001e14   0x08001e14   0x00000002   Code   RO           13    i.Error_Handler     main.o
    0x08001e16   0x08001e16   0x00000024   Code   RO         3607    i.HAL_CAN_ActivateNotification  stm32f4xx_hal_can.o
    0x08001e3a   0x08001e3a   0x000000e6   Code   RO         3608    i.HAL_CAN_AddTxMessage  stm32f4xx_hal_can.o
    0x08001f20   0x08001f20   0x00000128   Code   RO         3609    i.HAL_CAN_ConfigFilter  stm32f4xx_hal_can.o
    0x08002048   0x08002048   0x00000002   Code   RO         3612    i.HAL_CAN_ErrorCallback  stm32f4xx_hal_can.o
    0x0800204a   0x0800204a   0x0000016c   Code   RO         3615    i.HAL_CAN_GetRxMessage  stm32f4xx_hal_can.o
    0x080021b6   0x080021b6   0x0000001e   Code   RO         3617    i.HAL_CAN_GetTxMailboxesFreeLevel  stm32f4xx_hal_can.o
    0x080021d4   0x080021d4   0x00000234   Code   RO         3619    i.HAL_CAN_IRQHandler  stm32f4xx_hal_can.o
    0x08002408   0x08002408   0x00000168   Code   RO         3620    i.HAL_CAN_Init      stm32f4xx_hal_can.o
    0x08002570   0x08002570   0x00000160   Code   RO          408    i.HAL_CAN_MspInit   can.o
    0x080026d0   0x080026d0   0x00000002   Code   RO         3627    i.HAL_CAN_RxFifo0FullCallback  stm32f4xx_hal_can.o
    0x080026d2   0x080026d2   0x00000002   PAD
    0x080026d4   0x080026d4   0x00000650   Code   RO         2123    i.HAL_CAN_RxFifo0MsgPendingCallback  can_receive.o
    0x08002d24   0x08002d24   0x00000002   Code   RO         3629    i.HAL_CAN_RxFifo1FullCallback  stm32f4xx_hal_can.o
    0x08002d26   0x08002d26   0x00000002   Code   RO         3630    i.HAL_CAN_RxFifo1MsgPendingCallback  stm32f4xx_hal_can.o
    0x08002d28   0x08002d28   0x00000002   Code   RO         3631    i.HAL_CAN_SleepCallback  stm32f4xx_hal_can.o
    0x08002d2a   0x08002d2a   0x00000064   Code   RO         3632    i.HAL_CAN_Start     stm32f4xx_hal_can.o
    0x08002d8e   0x08002d8e   0x00000002   Code   RO         3634    i.HAL_CAN_TxMailbox0AbortCallback  stm32f4xx_hal_can.o
    0x08002d90   0x08002d90   0x00000002   Code   RO         3635    i.HAL_CAN_TxMailbox0CompleteCallback  stm32f4xx_hal_can.o
    0x08002d92   0x08002d92   0x00000002   Code   RO         3636    i.HAL_CAN_TxMailbox1AbortCallback  stm32f4xx_hal_can.o
    0x08002d94   0x08002d94   0x00000002   Code   RO         3637    i.HAL_CAN_TxMailbox1CompleteCallback  stm32f4xx_hal_can.o
    0x08002d96   0x08002d96   0x00000002   Code   RO         3638    i.HAL_CAN_TxMailbox2AbortCallback  stm32f4xx_hal_can.o
    0x08002d98   0x08002d98   0x00000002   Code   RO         3639    i.HAL_CAN_TxMailbox2CompleteCallback  stm32f4xx_hal_can.o
    0x08002d9a   0x08002d9a   0x00000002   Code   RO         3641    i.HAL_CAN_WakeUpFromRxMsgCallback  stm32f4xx_hal_can.o
    0x08002d9c   0x08002d9c   0x000000a2   Code   RO         4347    i.HAL_DMA_Abort     stm32f4xx_hal_dma.o
    0x08002e3e   0x08002e3e   0x00000024   Code   RO         4348    i.HAL_DMA_Abort_IT  stm32f4xx_hal_dma.o
    0x08002e62   0x08002e62   0x00000002   PAD
    0x08002e64   0x08002e64   0x000001ec   Code   RO         4352    i.HAL_DMA_IRQHandler  stm32f4xx_hal_dma.o
    0x08003050   0x08003050   0x000000ec   Code   RO         4353    i.HAL_DMA_Init      stm32f4xx_hal_dma.o
    0x0800313c   0x0800313c   0x00000070   Code   RO         4357    i.HAL_DMA_Start_IT  stm32f4xx_hal_dma.o
    0x080031ac   0x080031ac   0x000000b8   Code   RO         2542    i.HAL_GPIO_EXTI_Callback  ins_task.o
    0x08003264   0x08003264   0x00000018   Code   RO         4239    i.HAL_GPIO_EXTI_IRQHandler  stm32f4xx_hal_gpio.o
    0x0800327c   0x0800327c   0x00000230   Code   RO         4240    i.HAL_GPIO_Init     stm32f4xx_hal_gpio.o
    0x080034ac   0x080034ac   0x0000000e   Code   RO         4244    i.HAL_GPIO_WritePin  stm32f4xx_hal_gpio.o
    0x080034ba   0x080034ba   0x00000002   PAD
    0x080034bc   0x080034bc   0x0000000c   Code   RO         4767    i.HAL_GetTick       stm32f4xx_hal.o
    0x080034c8   0x080034c8   0x000001ac   Code   RO         5023    i.HAL_I2C_Init      stm32f4xx_hal_i2c.o
    0x08003674   0x08003674   0x000002c0   Code   RO         5041    i.HAL_I2C_Mem_Read  stm32f4xx_hal_i2c.o
    0x08003934   0x08003934   0x00000174   Code   RO         5044    i.HAL_I2C_Mem_Write  stm32f4xx_hal_i2c.o
    0x08003aa8   0x08003aa8   0x000000c8   Code   RO          481    i.HAL_I2C_MspInit   i2c.o
    0x08003b70   0x08003b70   0x00000010   Code   RO         4773    i.HAL_IncTick       stm32f4xx_hal.o
    0x08003b80   0x08003b80   0x00000034   Code   RO         4774    i.HAL_Init          stm32f4xx_hal.o
    0x08003bb4   0x08003bb4   0x00000044   Code   RO         4775    i.HAL_InitTick      stm32f4xx_hal.o
    0x08003bf8   0x08003bf8   0x00000054   Code   RO          850    i.HAL_MspInit       stm32f4xx_hal_msp.o
    0x08003c4c   0x08003c4c   0x0000001c   Code   RO         4629    i.HAL_NVIC_EnableIRQ  stm32f4xx_hal_cortex.o
    0x08003c68   0x08003c68   0x00000068   Code   RO         4635    i.HAL_NVIC_SetPriority  stm32f4xx_hal_cortex.o
    0x08003cd0   0x08003cd0   0x00000024   Code   RO         4636    i.HAL_NVIC_SetPriorityGrouping  stm32f4xx_hal_cortex.o
    0x08003cf4   0x08003cf4   0x0000017c   Code   RO         3946    i.HAL_RCCEx_PeriphCLKConfig  stm32f4xx_hal_rcc_ex.o
    0x08003e70   0x08003e70   0x0000017c   Code   RO         3841    i.HAL_RCC_ClockConfig  stm32f4xx_hal_rcc.o
    0x08003fec   0x08003fec   0x0000000c   Code   RO         3846    i.HAL_RCC_GetHCLKFreq  stm32f4xx_hal_rcc.o
    0x08003ff8   0x08003ff8   0x00000020   Code   RO         3848    i.HAL_RCC_GetPCLK1Freq  stm32f4xx_hal_rcc.o
    0x08004018   0x08004018   0x00000020   Code   RO         3849    i.HAL_RCC_GetPCLK2Freq  stm32f4xx_hal_rcc.o
    0x08004038   0x08004038   0x00000070   Code   RO         3850    i.HAL_RCC_GetSysClockFreq  stm32f4xx_hal_rcc.o
    0x080040a8   0x080040a8   0x00000482   Code   RO         3853    i.HAL_RCC_OscConfig  stm32f4xx_hal_rcc.o
    0x0800452a   0x0800452a   0x000000ba   Code   RO         5515    i.HAL_RTC_Init      stm32f4xx_hal_rtc.o
    0x080045e4   0x080045e4   0x00000040   Code   RO          523    i.HAL_RTC_MspInit   rtc.o
    0x08004624   0x08004624   0x0000003c   Code   RO         5523    i.HAL_RTC_WaitForSynchro  stm32f4xx_hal_rtc.o
    0x08004660   0x08004660   0x000000be   Code   RO         5909    i.HAL_SPI_Init      stm32f4xx_hal_spi.o
    0x0800471e   0x0800471e   0x00000002   PAD
    0x08004720   0x08004720   0x0000016c   Code   RO          565    i.HAL_SPI_MspInit   spi.o
    0x0800488c   0x0800488c   0x000001f8   Code   RO         5918    i.HAL_SPI_TransmitReceive  stm32f4xx_hal_spi.o
    0x08004a84   0x08004a84   0x00000028   Code   RO         4640    i.HAL_SYSTICK_Config  stm32f4xx_hal_cortex.o
    0x08004aac   0x08004aac   0x0000009a   Code   RO         6956    i.HAL_TIMEx_MasterConfigSynchronization  stm32f4xx_hal_tim_ex.o
    0x08004b46   0x08004b46   0x0000005c   Code   RO         6222    i.HAL_TIM_Base_Init  stm32f4xx_hal_tim.o
    0x08004ba2   0x08004ba2   0x00000002   PAD
    0x08004ba4   0x08004ba4   0x00000090   Code   RO          607    i.HAL_TIM_Base_MspInit  tim.o
    0x08004c34   0x08004c34   0x00000080   Code   RO         6225    i.HAL_TIM_Base_Start  stm32f4xx_hal_tim.o
    0x08004cb4   0x08004cb4   0x000000ea   Code   RO         6231    i.HAL_TIM_ConfigClockSource  stm32f4xx_hal_tim.o
    0x08004d9e   0x08004d9e   0x00000002   PAD
    0x08004da0   0x08004da0   0x00000144   Code   RO          608    i.HAL_TIM_MspPostInit  tim.o
    0x08004ee4   0x08004ee4   0x000000d8   Code   RO         6294    i.HAL_TIM_PWM_ConfigChannel  stm32f4xx_hal_tim.o
    0x08004fbc   0x08004fbc   0x0000005c   Code   RO         6297    i.HAL_TIM_PWM_Init  stm32f4xx_hal_tim.o
    0x08005018   0x08005018   0x00000002   Code   RO         6299    i.HAL_TIM_PWM_MspInit  stm32f4xx_hal_tim.o
    0x0800501a   0x0800501a   0x00000002   PAD
    0x0800501c   0x0800501c   0x000000dc   Code   RO         6302    i.HAL_TIM_PWM_Start  stm32f4xx_hal_tim.o
    0x080050f8   0x080050f8   0x00000062   Code   RO         7213    i.HAL_UARTEx_ReceiveToIdle_DMA  stm32f4xx_hal_uart.o
    0x0800515a   0x0800515a   0x00000002   PAD
    0x0800515c   0x0800515c   0x00000060   Code   RO         2825    i.HAL_UARTEx_RxEventCallback  com_task.o
    0x080051bc   0x080051bc   0x00000002   Code   RO         7229    i.HAL_UART_ErrorCallback  stm32f4xx_hal_uart.o
    0x080051be   0x080051be   0x00000002   PAD
    0x080051c0   0x080051c0   0x00000260   Code   RO         7232    i.HAL_UART_IRQHandler  stm32f4xx_hal_uart.o
    0x08005420   0x08005420   0x00000064   Code   RO         7233    i.HAL_UART_Init     stm32f4xx_hal_uart.o
    0x08005484   0x08005484   0x0000031c   Code   RO          667    i.HAL_UART_MspInit  usart.o
    0x080057a0   0x080057a0   0x00000002   Code   RO         7239    i.HAL_UART_RxCpltCallback  stm32f4xx_hal_uart.o
    0x080057a2   0x080057a2   0x00000002   Code   RO         7240    i.HAL_UART_RxHalfCpltCallback  stm32f4xx_hal_uart.o
    0x080057a4   0x080057a4   0x00000002   Code   RO         7244    i.HAL_UART_TxCpltCallback  stm32f4xx_hal_uart.o
    0x080057a6   0x080057a6   0x00000004   Code   RO          731    i.HardFault_Handler  stm32f4xx_it.o
    0x080057aa   0x080057aa   0x00000032   Code   RO         5066    i.I2C_IsAcknowledgeFailed  stm32f4xx_hal_i2c.o
    0x080057dc   0x080057dc   0x00000154   Code   RO         5077    i.I2C_RequestMemoryRead  stm32f4xx_hal_i2c.o
    0x08005930   0x08005930   0x000000d0   Code   RO         5078    i.I2C_RequestMemoryWrite  stm32f4xx_hal_i2c.o
    0x08005a00   0x08005a00   0x0000005c   Code   RO         5086    i.I2C_WaitOnBTFFlagUntilTimeout  stm32f4xx_hal_i2c.o
    0x08005a5c   0x08005a5c   0x000000b4   Code   RO         5087    i.I2C_WaitOnFlagUntilTimeout  stm32f4xx_hal_i2c.o
    0x08005b10   0x08005b10   0x000000ce   Code   RO         5088    i.I2C_WaitOnMasterAddressFlagUntilTimeout  stm32f4xx_hal_i2c.o
    0x08005bde   0x08005bde   0x0000007c   Code   RO         5089    i.I2C_WaitOnRXNEFlagUntilTimeout  stm32f4xx_hal_i2c.o
    0x08005c5a   0x08005c5a   0x0000005c   Code   RO         5092    i.I2C_WaitOnTXEFlagUntilTimeout  stm32f4xx_hal_i2c.o
    0x08005cb6   0x08005cb6   0x00000002   PAD
    0x08005cb8   0x08005cb8   0x0000007c   Code   RO         2543    i.INS_cali_gyro     ins_task.o
    0x08005d34   0x08005d34   0x00000048   Code   RO         2544    i.INS_set_cali_gyro  ins_task.o
    0x08005d7c   0x08005d7c   0x000003ac   Code   RO         2545    i.INS_task          ins_task.o
    0x08006128   0x08006128   0x00000138   Code   RO          997    i.Jacobi_calculate  vmc.o
    0x08006260   0x08006260   0x0000016c   Code   RO          998    i.Jacobi_calculate_2  vmc.o
    0x080063cc   0x080063cc   0x00000044   Code   RO          409    i.MX_CAN1_Init      can.o
    0x08006410   0x08006410   0x00000044   Code   RO          410    i.MX_CAN2_Init      can.o
    0x08006454   0x08006454   0x000000a8   Code   RO          456    i.MX_DMA_Init       dma.o
    0x080064fc   0x080064fc   0x0000007c   Code   RO          351    i.MX_FREERTOS_Init  freertos.o
    0x08006578   0x08006578   0x000001dc   Code   RO          327    i.MX_GPIO_Init      gpio.o
    0x08006754   0x08006754   0x0000003c   Code   RO          482    i.MX_I2C3_Init      i2c.o
    0x08006790   0x08006790   0x00000034   Code   RO          524    i.MX_RTC_Init       rtc.o
    0x080067c4   0x080067c4   0x00000048   Code   RO          566    i.MX_SPI1_Init      spi.o
    0x0800680c   0x0800680c   0x0000006c   Code   RO          609    i.MX_TIM10_Init     tim.o
    0x08006878   0x08006878   0x000000a4   Code   RO          610    i.MX_TIM4_Init      tim.o
    0x0800691c   0x0800691c   0x000000c4   Code   RO          611    i.MX_TIM5_Init      tim.o
    0x080069e0   0x080069e0   0x00000038   Code   RO          668    i.MX_USART1_UART_Init  usart.o
    0x08006a18   0x08006a18   0x0000003c   Code   RO          669    i.MX_USART3_UART_Init  usart.o
    0x08006a54   0x08006a54   0x00000038   Code   RO          670    i.MX_USART6_UART_Init  usart.o
    0x08006a8c   0x08006a8c   0x00000004   Code   RO          732    i.MemManage_Handler  stm32f4xx_it.o
    0x08006a90   0x08006a90   0x0000027c   Code   RO          999    i.Motion_calculate  vmc.o
    0x08006d0c   0x08006d0c   0x00000002   Code   RO          733    i.NMI_Handler       stm32f4xx_it.o
    0x08006d0e   0x08006d0e   0x00000002   PAD
    0x08006d10   0x08006d10   0x000001f0   Code   RO         3567    i.PID_calc          pid.o
    0x08006f00   0x08006f00   0x00000060   Code   RO         3569    i.PID_init          pid.o
    0x08006f60   0x08006f60   0x0000009c   Code   RO         1829    i.RC_Init           bsp_rc.o
    0x08006ffc   0x08006ffc   0x00000050   Code   RO         1830    i.RC_restart        bsp_rc.o
    0x0800704c   0x0800704c   0x00000018   Code   RO         1831    i.RC_unable         bsp_rc.o
    0x08007064   0x08007064   0x00000042   Code   RO         5526    i.RTC_EnterInitMode  stm32f4xx_hal_rtc.o
    0x080070a6   0x080070a6   0x00000002   PAD
    0x080070a8   0x080070a8   0x0000273c   Code   RO         1869    i.SPI1_DMA_enable   bsp_spi.o
    0x080097e4   0x080097e4   0x00000180   Code   RO         1870    i.SPI1_DMA_init     bsp_spi.o
    0x08009964   0x08009964   0x00000064   Code   RO         5947    i.SPI_EndRxTxTransaction  stm32f4xx_hal_spi.o
    0x080099c8   0x080099c8   0x000000d8   Code   RO         5952    i.SPI_WaitFlagStateUntilTimeout  stm32f4xx_hal_spi.o
    0x08009aa0   0x08009aa0   0x00000014   Code   RO          734    i.SysTick_Handler   stm32f4xx_it.o
    0x08009ab4   0x08009ab4   0x000000b4   Code   RO           14    i.SystemClock_Config  main.o
    0x08009b68   0x08009b68   0x00000064   Code   RO         1498    i.SystemInit        system_stm32f4xx.o
    0x08009bcc   0x08009bcc   0x000000cc   Code   RO         6315    i.TIM_Base_SetConfig  stm32f4xx_hal_tim.o
    0x08009c98   0x08009c98   0x0000001e   Code   RO         6316    i.TIM_CCxChannelCmd  stm32f4xx_hal_tim.o
    0x08009cb6   0x08009cb6   0x00000016   Code   RO         6326    i.TIM_ETR_SetConfig  stm32f4xx_hal_tim.o
    0x08009ccc   0x08009ccc   0x00000010   Code   RO         6327    i.TIM_ITRx_SetConfig  stm32f4xx_hal_tim.o
    0x08009cdc   0x08009cdc   0x00000070   Code   RO         6328    i.TIM_OC1_SetConfig  stm32f4xx_hal_tim.o
    0x08009d4c   0x08009d4c   0x00000078   Code   RO         6329    i.TIM_OC2_SetConfig  stm32f4xx_hal_tim.o
    0x08009dc4   0x08009dc4   0x00000078   Code   RO         6330    i.TIM_OC3_SetConfig  stm32f4xx_hal_tim.o
    0x08009e3c   0x08009e3c   0x00000058   Code   RO         6331    i.TIM_OC4_SetConfig  stm32f4xx_hal_tim.o
    0x08009e94   0x08009e94   0x00000026   Code   RO         6333    i.TIM_TI1_ConfigInputStage  stm32f4xx_hal_tim.o
    0x08009eba   0x08009eba   0x00000024   Code   RO         6335    i.TIM_TI2_ConfigInputStage  stm32f4xx_hal_tim.o
    0x08009ede   0x08009ede   0x00000010   Code   RO         7246    i.UART_DMAAbortOnError  stm32f4xx_hal_uart.o
    0x08009eee   0x08009eee   0x0000004a   Code   RO         7247    i.UART_DMAError     stm32f4xx_hal_uart.o
    0x08009f38   0x08009f38   0x00000084   Code   RO         7248    i.UART_DMAReceiveCplt  stm32f4xx_hal_uart.o
    0x08009fbc   0x08009fbc   0x0000001a   Code   RO         7250    i.UART_DMARxHalfCplt  stm32f4xx_hal_uart.o
    0x08009fd6   0x08009fd6   0x0000004e   Code   RO         7256    i.UART_EndRxTransfer  stm32f4xx_hal_uart.o
    0x0800a024   0x0800a024   0x0000001a   Code   RO         7257    i.UART_EndTransmit_IT  stm32f4xx_hal_uart.o
    0x0800a03e   0x0800a03e   0x0000001c   Code   RO         7258    i.UART_EndTxTransfer  stm32f4xx_hal_uart.o
    0x0800a05a   0x0800a05a   0x000000c8   Code   RO         7259    i.UART_Receive_IT   stm32f4xx_hal_uart.o
    0x0800a122   0x0800a122   0x00000002   PAD
    0x0800a124   0x0800a124   0x000000fc   Code   RO         7260    i.UART_SetConfig    stm32f4xx_hal_uart.o
    0x0800a220   0x0800a220   0x00000094   Code   RO         7261    i.UART_Start_Receive_DMA  stm32f4xx_hal_uart.o
    0x0800a2b4   0x0800a2b4   0x0000005e   Code   RO         7263    i.UART_Transmit_IT  stm32f4xx_hal_uart.o
    0x0800a312   0x0800a312   0x00000002   PAD
    0x0800a314   0x0800a314   0x00000010   Code   RO          735    i.USART1_IRQHandler  stm32f4xx_it.o
    0x0800a324   0x0800a324   0x00000130   Code   RO         2720    i.USART3_IRQHandler  remote_control.o
    0x0800a454   0x0800a454   0x00000010   Code   RO          736    i.USART6_IRQHandler  stm32f4xx_it.o
    0x0800a464   0x0800a464   0x00000004   Code   RO          737    i.UsageFault_Handler  stm32f4xx_it.o
    0x0800a468   0x0800a468   0x00000134   Code   RO         1000    i.VMC_calculate     vmc.o
    0x0800a59c   0x0800a59c   0x00000030   Code   RO         9840    i.__ARM_fpclassify  m_wm.l(fpclassify.o)
    0x0800a5cc   0x0800a5cc   0x00000026   Code   RO         9842    i.__ARM_fpclassifyf  m_wm.l(fpclassifyf.o)
    0x0800a5f2   0x0800a5f2   0x00000006   PAD
    0x0800a5f8   0x0800a5f8   0x00000358   Code   RO         9590    i.__hardfp_acos     m_wm.l(acos.o)
    0x0800a950   0x0800a950   0x0000012c   Code   RO         9616    i.__hardfp_asinf    m_wm.l(asinf.o)
    0x0800aa7c   0x0800aa7c   0x00000004   PAD
    0x0800aa80   0x0800aa80   0x000002d8   Code   RO         9628    i.__hardfp_atan     m_wm.l(atan.o)
    0x0800ad58   0x0800ad58   0x000002ac   Code   RO         9642    i.__hardfp_atan2f   m_wm.l(atan2f.o)
    0x0800b004   0x0800b004   0x00000014   Code   RO         9666    i.__hardfp_fabs     m_wm.l(fabs.o)
    0x0800b018   0x0800b018   0x0000007a   Code   RO         9684    i.__hardfp_sqrt     m_wm.l(sqrt_full.o)
    0x0800b092   0x0800b092   0x0000003a   Code   RO         9690    i.__hardfp_sqrtf    m_wm.l(sqrtf_full.o)
    0x0800b0cc   0x0800b0cc   0x000000f8   Code   RO         9858    i.__kernel_poly     m_wm.l(poly.o)
    0x0800b1c4   0x0800b1c4   0x00000014   Code   RO         9827    i.__mathlib_dbl_infnan  m_wm.l(dunder.o)
    0x0800b1d8   0x0800b1d8   0x00000020   Code   RO         9829    i.__mathlib_dbl_invalid  m_wm.l(dunder.o)
    0x0800b1f8   0x0800b1f8   0x00000020   Code   RO         9832    i.__mathlib_dbl_underflow  m_wm.l(dunder.o)
    0x0800b218   0x0800b218   0x00000006   Code   RO         9845    i.__mathlib_flt_infnan  m_wm.l(funder.o)
    0x0800b21e   0x0800b21e   0x00000006   Code   RO         9846    i.__mathlib_flt_infnan2  m_wm.l(funder.o)
    0x0800b224   0x0800b224   0x00000010   Code   RO         9847    i.__mathlib_flt_invalid  m_wm.l(funder.o)
    0x0800b234   0x0800b234   0x00000010   Code   RO         9850    i.__mathlib_flt_underflow  m_wm.l(funder.o)
    0x0800b244   0x0800b244   0x00000068   Code   RO         1800    i.aRGB_led_show     bsp_led.o
    0x0800b2ac   0x0800b2ac   0x000001d0   Code   RO         9105    i.accel_comple_filter  AHRS.lib(ahrs.o)
    0x0800b47c   0x0800b47c   0x0000018c   Code   RO         9106    i.accel_update_kp_ki  AHRS.lib(ahrs.o)
    0x0800b608   0x0800b608   0x0000016c   Code   RO         9107    i.angle_to_quat     AHRS.lib(ahrs.o)
    0x0800b774   0x0800b774   0x0000002c   Code   RO         1001    i.arm_sqrt_f32      vmc.o
    0x0800b7a0   0x0800b7a0   0x00000090   Code   RO         1218    i.balance_check     leg_length.o
    0x0800b830   0x0800b830   0x00000134   Code   RO         2941    i.bmi088_accel_init  bmi088driver.o
    0x0800b964   0x0800b964   0x000002fc   Code   RO         2942    i.bmi088_accel_self_test  bmi088driver.o
    0x0800bc60   0x0800bc60   0x000000f4   Code   RO         2943    i.bmi088_gyro_init  bmi088driver.o
    0x0800bd54   0x0800bd54   0x000000d0   Code   RO         2944    i.bmi088_gyro_self_test  bmi088driver.o
    0x0800be24   0x0800be24   0x00000010   Code   RO         1534    i.buzzer_off        bsp_buzzer.o
    0x0800be34   0x0800be34   0x00000014   Code   RO         1535    i.buzzer_on         bsp_buzzer.o
    0x0800be48   0x0800be48   0x00000006   Code   RO         1906    i.cali_gimbal_hook  calibrate_task.o
    0x0800be4e   0x0800be4e   0x00000002   PAD
    0x0800be50   0x0800be50   0x00000064   Code   RO         1907    i.cali_gyro_hook    calibrate_task.o
    0x0800beb4   0x0800beb4   0x00000036   Code   RO         1908    i.cali_head_hook    calibrate_task.o
    0x0800beea   0x0800beea   0x00000002   PAD
    0x0800beec   0x0800beec   0x0000005c   Code   RO         1646    i.can_filter_init   bsp_can.o
    0x0800bf48   0x0800bf48   0x00000178   Code   RO         2389    i.chassis_task      chassis_task.o
    0x0800c0c0   0x0800c0c0   0x00000154   Code   RO         1127    i.data_fusion       lqr.o
    0x0800c214   0x0800c214   0x00000030   Code   RO         1674    i.delay_init        bsp_delay.o
    0x0800c244   0x0800c244   0x00000050   Code   RO         1676    i.delay_us          bsp_delay.o
    0x0800c294   0x0800c294   0x00000074   Code   RO         2484    i.detect_hook       detect_task.o
    0x0800c308   0x0800c308   0x00000018   Code   RO         9668    i.fabs              m_wm.l(fabs.o)
    0x0800c320   0x0800c320   0x00000030   Code   RO         2894    i.filter_cal        chassis_filter.o
    0x0800c350   0x0800c350   0x00000002   Code   RO         2895    i.filter_init       chassis_filter.o
    0x0800c352   0x0800c352   0x00000002   PAD
    0x0800c354   0x0800c354   0x00000024   Code   RO         3437    i.first_order_filter_init  user_lib_1.o
    0x0800c378   0x0800c378   0x00000032   Code   RO         2124    i.float_to_uint     can_receive.o
    0x0800c3aa   0x0800c3aa   0x000000e8   Code   RO         9108    i.get_angle         AHRS.lib(ahrs.o)
    0x0800c492   0x0800c492   0x00000002   PAD
    0x0800c494   0x0800c494   0x0000000c   Code   RO         1911    i.get_control_temperature  calibrate_task.o
    0x0800c4a0   0x0800c4a0   0x0000001a   Code   RO         2126    i.get_errorStatus_and_motorStatus1  can_receive.o
    0x0800c4ba   0x0800c4ba   0x00000002   PAD
    0x0800c4bc   0x0800c4bc   0x00000008   Code   RO         2486    i.get_error_list_point  detect_task.o
    0x0800c4c4   0x0800c4c4   0x00000036   Code   RO         2127    i.get_motor_T_open_message  can_receive.o
    0x0800c4fa   0x0800c4fa   0x00000018   Code   RO         2128    i.get_motor_accel   can_receive.o
    0x0800c512   0x0800c512   0x00000020   Code   RO         2129    i.get_motor_encoder  can_receive.o
    0x0800c532   0x0800c532   0x0000001a   Code   RO         2130    i.get_motor_inside_pid  can_receive.o
    0x0800c54c   0x0800c54c   0x00000074   Code   RO         2131    i.get_motor_status_2  can_receive.o
    0x0800c5c0   0x0800c5c0   0x0000002e   Code   RO         2132    i.get_motor_status_3  can_receive.o
    0x0800c5ee   0x0800c5ee   0x0000000c   Code   RO         2133    i.get_motor_zeropoint  can_receive.o
    0x0800c5fa   0x0800c5fa   0x00000034   Code   RO         2134    i.get_multiple_angle  can_receive.o
    0x0800c62e   0x0800c62e   0x00000018   Code   RO         2136    i.get_single_angle  can_receive.o
    0x0800c646   0x0800c646   0x00000002   PAD
    0x0800c648   0x0800c648   0x00000080   Code   RO         1128    i.ground_detectionL  lqr.o
    0x0800c6c8   0x0800c6c8   0x00000080   Code   RO         1426    i.ground_detectionR  lqr_r.o
    0x0800c748   0x0800c748   0x00000054   Code   RO         2551    i.gyro_offset_calc  ins_task.o
    0x0800c79c   0x0800c79c   0x0000012c   Code   RO         2552    i.imu_cali_slove    ins_task.o
    0x0800c8c8   0x0800c8c8   0x000001a8   Code   RO         2553    i.imu_cmd_spi_dma   ins_task.o
    0x0800ca70   0x0800ca70   0x0000000c   Code   RO         1715    i.imu_pwm_set       bsp_imu_pwm.o
    0x0800ca7c   0x0800ca7c   0x000000b8   Code   RO         2554    i.imu_temp_control  ins_task.o
    0x0800cb34   0x0800cb34   0x00000002   Code   RO         3196    i.ist8310_GPIO_init  ist8310driver_middleware.o
    0x0800cb36   0x0800cb36   0x00000002   PAD
    0x0800cb38   0x0800cb38   0x00000028   Code   RO         3198    i.ist8310_IIC_read_single_reg  ist8310driver_middleware.o
    0x0800cb60   0x0800cb60   0x00000028   Code   RO         3200    i.ist8310_IIC_write_single_reg  ist8310driver_middleware.o
    0x0800cb88   0x0800cb88   0x00000014   Code   RO         3201    i.ist8310_RST_H     ist8310driver_middleware.o
    0x0800cb9c   0x0800cb9c   0x00000014   Code   RO         3202    i.ist8310_RST_L     ist8310driver_middleware.o
    0x0800cbb0   0x0800cbb0   0x00000002   Code   RO         3203    i.ist8310_com_init  ist8310driver_middleware.o
    0x0800cbb2   0x0800cbb2   0x0000000c   Code   RO         3204    i.ist8310_delay_ms  ist8310driver_middleware.o
    0x0800cbbe   0x0800cbbe   0x00000002   PAD
    0x0800cbc0   0x0800cbc0   0x00000094   Code   RO         3161    i.ist8310_init      ist8310driver.o
    0x0800cc54   0x0800cc54   0x000000ac   Code   RO         1002    i.joint_torque_calculate  vmc.o
    0x0800cd00   0x0800cd00   0x000001b0   Code   RO         2685    i.led_RGB_flow_task  led_flow_task.o
    0x0800ceb0   0x0800ceb0   0x000004f8   Code   RO          875    i.leg_control_cal   leg_control.o
    0x0800d3a8   0x0800d3a8   0x00000064   Code   RO         1295    i.leg_harmo_pid_cal  leg_harmo.o
    0x0800d40c   0x0800d40c   0x0000002c   Code   RO         1297    i.leg_harmo_pid_init  leg_harmo.o
    0x0800d438   0x0800d438   0x00000058   Code   RO          877    i.leg_init          leg_control.o
    0x0800d490   0x0800d490   0x00000320   Code   RO         1221    i.leg_length_pid_cal  leg_length.o
    0x0800d7b0   0x0800d7b0   0x0000006c   Code   RO         1222    i.leg_length_pid_init  leg_length.o
    0x0800d81c   0x0800d81c   0x0000003c   Code   RO         1223    i.leg_length_state_assign  leg_length.o
    0x0800d858   0x0800d858   0x000000fc   Code   RO         1003    i.leg_para_calculate  vmc.o
    0x0800d954   0x0800d954   0x00000020   Code   RO          878    i.leg_pushforce_cal  leg_control.o
    0x0800d974   0x0800d974   0x00000168   Code   RO         1224    i.leg_slow          leg_length.o
    0x0800dadc   0x0800dadc   0x000000b0   Code   RO          879    i.leg_speed_cal     leg_control.o
    0x0800db8c   0x0800db8c   0x00000054   Code   RO           15    i.main              main.o
    0x0800dbe0   0x0800dbe0   0x0000000c   Code   RO         8591    i.makeFreeRtosPriority  cmsis_os.o
    0x0800dbec   0x0800dbec   0x00000184   Code   RO         1129    i.match_k           lqr.o
    0x0800dd70   0x0800dd70   0x00000184   Code   RO         1427    i.match_k_R         lqr_r.o
    0x0800def4   0x0800def4   0x00000048   Code   RO         1130    i.matrix_calculate  lqr.o
    0x0800df3c   0x0800df3c   0x00000048   Code   RO         1428    i.matrix_calculate_R  lqr_r.o
    0x0800df84   0x0800df84   0x000000d4   Code   RO         1131    i.matrix_desire_assign  lqr.o
    0x0800e058   0x0800e058   0x00000094   Code   RO         1429    i.matrix_desire_assign_R  lqr_r.o
    0x0800e0ec   0x0800e0ec   0x00000044   Code   RO         1132    i.matrix_error_calculate  lqr.o
    0x0800e130   0x0800e130   0x00000044   Code   RO         1430    i.matrix_error_calculate_R  lqr_r.o
    0x0800e174   0x0800e174   0x000000d8   Code   RO         1133    i.matrix_init       lqr.o
    0x0800e24c   0x0800e24c   0x000000d8   Code   RO         1431    i.matrix_init_R     lqr_r.o
    0x0800e324   0x0800e324   0x000000ac   Code   RO         1134    i.matrix_state_assign  lqr.o
    0x0800e3d0   0x0800e3d0   0x000000c4   Code   RO         1432    i.matrix_state_assign_R  lqr_r.o
    0x0800e494   0x0800e494   0x00000010   Code   RO         8593    i.osDelay           cmsis_os.o
    0x0800e4a4   0x0800e4a4   0x0000000a   Code   RO         8596    i.osKernelStart     cmsis_os.o
    0x0800e4ae   0x0800e4ae   0x0000005c   Code   RO         8630    i.osThreadCreate    cmsis_os.o
    0x0800e50a   0x0800e50a   0x00000002   PAD
    0x0800e50c   0x0800e50c   0x00000024   Code   RO         8058    i.pcTaskGetName     tasks.o
    0x0800e530   0x0800e530   0x000004b4   Code   RO         1004    i.phi0_dot_cal      vmc.o
    0x0800e9e4   0x0800e9e4   0x000004b4   Code   RO         1005    i.phi0_dot_cal_R    vmc.o
    0x0800ee98   0x0800ee98   0x00000080   Code   RO         8059    i.prvAddCurrentTaskToDelayedList  tasks.o
    0x0800ef18   0x0800ef18   0x00000088   Code   RO         8060    i.prvAddNewTaskToReadyList  tasks.o
    0x0800efa0   0x0800efa0   0x0000005c   Code   RO         8423    i.prvCheckForValidListAndQueue  timers.o
    0x0800effc   0x0800effc   0x00000040   Code   RO         8061    i.prvCheckTasksWaitingTermination  tasks.o
    0x0800f03c   0x0800f03c   0x00000024   Code   RO         7712    i.prvCopyDataFromQueue  queue.o
    0x0800f060   0x0800f060   0x0000006e   Code   RO         7713    i.prvCopyDataToQueue  queue.o
    0x0800f0ce   0x0800f0ce   0x00000040   Code   RO         8062    i.prvDeleteTCB      tasks.o
    0x0800f10e   0x0800f10e   0x00000002   PAD
    0x0800f110   0x0800f110   0x00000024   Code   RO         8424    i.prvGetNextExpireTime  timers.o
    0x0800f134   0x0800f134   0x00000050   Code   RO         8970    i.prvHeapInit       heap_4.o
    0x0800f184   0x0800f184   0x00000028   Code   RO         8063    i.prvIdleTask       tasks.o
    0x0800f1ac   0x0800f1ac   0x00000018   Code   RO         7716    i.prvInitialiseNewQueue  queue.o
    0x0800f1c4   0x0800f1c4   0x00000098   Code   RO         8064    i.prvInitialiseNewTask  tasks.o
    0x0800f25c   0x0800f25c   0x00000060   Code   RO         8065    i.prvInitialiseTaskLists  tasks.o
    0x0800f2bc   0x0800f2bc   0x0000005c   Code   RO         8971    i.prvInsertBlockIntoFreeList  heap_4.o
    0x0800f318   0x0800f318   0x00000048   Code   RO         8426    i.prvInsertTimerInActiveList  timers.o
    0x0800f360   0x0800f360   0x0000001a   Code   RO         7717    i.prvIsQueueEmpty   queue.o
    0x0800f37a   0x0800f37a   0x0000001e   Code   RO         7718    i.prvIsQueueFull    queue.o
    0x0800f398   0x0800f398   0x00000068   Code   RO         8427    i.prvProcessExpiredTimer  timers.o
    0x0800f400   0x0800f400   0x00000110   Code   RO         8428    i.prvProcessReceivedCommands  timers.o
    0x0800f510   0x0800f510   0x0000006c   Code   RO         8429    i.prvProcessTimerOrBlockTask  timers.o
    0x0800f57c   0x0800f57c   0x00000024   Code   RO         8066    i.prvResetNextTaskUnblockTime  tasks.o
    0x0800f5a0   0x0800f5a0   0x0000002c   Code   RO         8430    i.prvSampleTimeNow  timers.o
    0x0800f5cc   0x0800f5cc   0x0000006e   Code   RO         8067    i.prvSearchForNameWithinSingleList  tasks.o
    0x0800f63a   0x0800f63a   0x00000002   PAD
    0x0800f63c   0x0800f63c   0x00000078   Code   RO         8431    i.prvSwitchTimerLists  timers.o
    0x0800f6b4   0x0800f6b4   0x00000030   Code   RO         9026    i.prvTaskExitError  port.o
    0x0800f6e4   0x0800f6e4   0x00000014   Code   RO         8432    i.prvTimerTask      timers.o
    0x0800f6f8   0x0800f6f8   0x00000068   Code   RO         7719    i.prvUnlockQueue    queue.o
    0x0800f760   0x0800f760   0x000000e8   Code   RO         8972    i.pvPortMalloc      heap_4.o
    0x0800f848   0x0800f848   0x0000002c   Code   RO         9027    i.pxPortInitialiseStack  port.o
    0x0800f874   0x0800f874   0x00000084   Code   RO         9113    i.quat_normalization  AHRS.lib(ahrs.o)
    0x0800f8f8   0x0800f8f8   0x00000168   Code   RO         1135    i.rc_slow           lqr.o
    0x0800fa60   0x0800fa60   0x00000014   Code   RO         2722    i.remote_control_init  remote_control.o
    0x0800fa74   0x0800fa74   0x000000da   Code   RO         2723    i.sbus_to_rc        remote_control.o
    0x0800fb4e   0x0800fb4e   0x00000002   PAD
    0x0800fb50   0x0800fb50   0x00000080   Code   RO         2144    i.send_message      can_receive.o
    0x0800fbd0   0x0800fbd0   0x00000094   Code   RO         1136    i.speed_est         lqr.o
    0x0800fc64   0x0800fc64   0x0000006e   Code   RO         9686    i.sqrt              m_wm.l(sqrt_full.o)
    0x0800fcd2   0x0800fcd2   0x0000003e   Code   RO         9692    i.sqrtf             m_wm.l(sqrtf_full.o)
    0x0800fd10   0x0800fd10   0x00000068   Code   RO         2791    i.test_task         test_task.o
    0x0800fd78   0x0800fd78   0x0000002e   Code   RO         2146    i.torque_close_control  can_receive.o
    0x0800fda6   0x0800fda6   0x00000002   PAD
    0x0800fda8   0x0800fda8   0x00000168   Code   RO          880    i.turn_slow         leg_control.o
    0x0800ff10   0x0800ff10   0x00000034   Code   RO         2147    i.uint_to_float     can_receive.o
    0x0800ff44   0x0800ff44   0x00000068   Code   RO         8071    i.ulTaskNotifyTake  tasks.o
    0x0800ffac   0x0800ffac   0x0000007a   Code   RO         9114    i.update_w          AHRS.lib(ahrs.o)
    0x08010026   0x08010026   0x00000026   Code   RO         7672    i.uxListRemove      list.o
    0x0801004c   0x0801004c   0x00000018   Code   RO          353    i.vApplicationGetIdleTaskMemory  freertos.o
    0x08010064   0x08010064   0x00000018   Code   RO          354    i.vApplicationGetTimerTaskMemory  freertos.o
    0x0801007c   0x0801007c   0x00000016   Code   RO         7673    i.vListInitialise   list.o
    0x08010092   0x08010092   0x00000006   Code   RO         7674    i.vListInitialiseItem  list.o
    0x08010098   0x08010098   0x00000036   Code   RO         7675    i.vListInsert       list.o
    0x080100ce   0x080100ce   0x00000018   Code   RO         7676    i.vListInsertEnd    list.o
    0x080100e6   0x080100e6   0x00000002   PAD
    0x080100e8   0x080100e8   0x00000040   Code   RO         9029    i.vPortEnterCritical  port.o
    0x08010128   0x08010128   0x0000002c   Code   RO         9030    i.vPortExitCritical  port.o
    0x08010154   0x08010154   0x00000064   Code   RO         8973    i.vPortFree         heap_4.o
    0x080101b8   0x080101b8   0x00000024   Code   RO         9031    i.vPortSetupTimerInterrupt  port.o
    0x080101dc   0x080101dc   0x00000054   Code   RO         9032    i.vPortValidateInterruptPriority  port.o
    0x08010230   0x08010230   0x00000028   Code   RO         7723    i.vQueueAddToRegistry  queue.o
    0x08010258   0x08010258   0x0000004a   Code   RO         7726    i.vQueueWaitForMessageRestricted  queue.o
    0x080102a2   0x080102a2   0x00000002   PAD
    0x080102a4   0x080102a4   0x00000050   Code   RO         8078    i.vTaskDelay        tasks.o
    0x080102f4   0x080102f4   0x0000009c   Code   RO         8079    i.vTaskDelayUntil   tasks.o
    0x08010390   0x08010390   0x00000010   Code   RO         8082    i.vTaskInternalSetTimeOutState  tasks.o
    0x080103a0   0x080103a0   0x0000000c   Code   RO         8083    i.vTaskMissedYield  tasks.o
    0x080103ac   0x080103ac   0x000000bc   Code   RO         8084    i.vTaskNotifyGiveFromISR  tasks.o
    0x08010468   0x08010468   0x00000034   Code   RO         8085    i.vTaskPlaceOnEventList  tasks.o
    0x0801049c   0x0801049c   0x0000003c   Code   RO         8086    i.vTaskPlaceOnEventListRestricted  tasks.o
    0x080104d8   0x080104d8   0x00000090   Code   RO         8093    i.vTaskStartScheduler  tasks.o
    0x08010568   0x08010568   0x00000010   Code   RO         8095    i.vTaskSuspendAll   tasks.o
    0x08010578   0x08010578   0x00000060   Code   RO         8096    i.vTaskSwitchContext  tasks.o
    0x080105d8   0x080105d8   0x00000104   Code   RO         9033    i.xPortStartScheduler  port.o
    0x080106dc   0x080106dc   0x0000002c   Code   RO         9034    i.xPortSysTickHandler  port.o
    0x08010708   0x08010708   0x00000070   Code   RO         7730    i.xQueueGenericCreateStatic  queue.o
    0x08010778   0x08010778   0x00000090   Code   RO         7731    i.xQueueGenericReset  queue.o
    0x08010808   0x08010808   0x00000170   Code   RO         7732    i.xQueueGenericSend  queue.o
    0x08010978   0x08010978   0x000000be   Code   RO         7733    i.xQueueGenericSendFromISR  queue.o
    0x08010a36   0x08010a36   0x00000002   PAD
    0x08010a38   0x08010a38   0x00000148   Code   RO         7741    i.xQueueReceive     queue.o
    0x08010b80   0x08010b80   0x00000098   Code   RO         8099    i.xTaskCheckForTimeOut  tasks.o
    0x08010c18   0x08010c18   0x0000006c   Code   RO         8100    i.xTaskCreate       tasks.o
    0x08010c84   0x08010c84   0x00000060   Code   RO         8101    i.xTaskCreateStatic  tasks.o
    0x08010ce4   0x08010ce4   0x0000008c   Code   RO         8105    i.xTaskGetHandle    tasks.o
    0x08010d70   0x08010d70   0x0000001c   Code   RO         8106    i.xTaskGetSchedulerState  tasks.o
    0x08010d8c   0x08010d8c   0x0000000c   Code   RO         8107    i.xTaskGetTickCount  tasks.o
    0x08010d98   0x08010d98   0x000000d4   Code   RO         8109    i.xTaskIncrementTick  tasks.o
    0x08010e6c   0x08010e6c   0x0000009c   Code   RO         8112    i.xTaskPriorityDisinherit  tasks.o
    0x08010f08   0x08010f08   0x00000078   Code   RO         8114    i.xTaskRemoveFromEventList  tasks.o
    0x08010f80   0x08010f80   0x000000cc   Code   RO         8115    i.xTaskResumeAll    tasks.o
    0x0801104c   0x0801104c   0x00000068   Code   RO         8439    i.xTimerCreateTimerTask  timers.o
    0x080110b4   0x080110b4   0x00000074   Code   RO         8440    i.xTimerGenericCommand  timers.o
    0x08011128   0x08011128   0x00000018   Code   RO         9795    x$fpl$basic         g_wm.l(basic.o)
    0x08011140   0x08011140   0x000002c4   Code   RO         9570    x$fpl$d2f           g_wm.l(d2f_clz.o)
    0x08011404   0x08011404   0x0000024c   Code   RO         9572    x$fpl$dadd          g_wm.l(daddsub_clz.o)
    0x08011650   0x08011650   0x00000018   Code   RO         9797    x$fpl$dcmpinf       g_wm.l(dcmpi.o)
    0x08011668   0x08011668   0x0000037c   Code   RO         9579    x$fpl$ddiv          g_wm.l(ddiv_clz.o)
    0x080119e4   0x080119e4   0x0000001a   Code   RO         9801    x$fpl$dfltn         g_wm.l(dflt_clz.o)
    0x080119fe   0x080119fe   0x00000002   PAD
    0x08011a00   0x08011a00   0x00000078   Code   RO         9582    x$fpl$dleqf         g_wm.l(dleqf.o)
    0x08011a78   0x08011a78   0x000001c0   Code   RO         9584    x$fpl$dmul          g_wm.l(dmul_clz.o)
    0x08011c38   0x08011c38   0x00000102   Code   RO         9805    x$fpl$dnaninf       g_wm.l(dnaninf.o)
    0x08011d3a   0x08011d3a   0x00000070   Code   RO         9807    x$fpl$drenorm       g_wm.l(drenorm_clz.o)
    0x08011daa   0x08011daa   0x0000000c   Code   RO         9809    x$fpl$dretinf       g_wm.l(dretinf.o)
    0x08011db6   0x08011db6   0x00000062   Code   RO         9586    x$fpl$drleqf        g_wm.l(drleqf.o)
    0x08011e18   0x08011e18   0x00000050   Code   RO         9573    x$fpl$drsb          g_wm.l(daddsub_clz.o)
    0x08011e68   0x08011e68   0x00000208   Code   RO         9811    x$fpl$dsqrt         g_wm.l(dsqrt_umaalclz.o)
    0x08012070   0x08012070   0x0000029c   Code   RO         9574    x$fpl$dsub          g_wm.l(daddsub_clz.o)
    0x0801230c   0x0801230c   0x0000017a   Code   RO         9813    x$fpl$dunder        g_wm.l(dunder_clz.o)
    0x08012486   0x08012486   0x00000002   PAD
    0x08012488   0x08012488   0x000001ec   Code   RO         9815    x$fpl$exception     g_wm.l(except.o)
    0x08012674   0x08012674   0x0000007a   Code   RO         9588    x$fpl$f2d           g_wm.l(f2d.o)
    0x080126ee   0x080126ee   0x000000f2   Code   RO         9817    x$fpl$fnaninf       g_wm.l(fnaninf.o)
    0x080127e0   0x080127e0   0x0000000a   Code   RO         9909    x$fpl$fpinit        g_wm.l(fpinit.o)
    0x080127ea   0x080127ea   0x0000000a   Code   RO         9819    x$fpl$fretinf       g_wm.l(fretinf.o)
    0x080127f4   0x080127f4   0x0000013c   Code   RO         9821    x$fpl$funder        g_wm.l(funder_clz.o)
    0x08012930   0x08012930   0x000000b2   Code   RO         9911    x$fpl$retnan        g_wm.l(retnan.o)
    0x080129e2   0x080129e2   0x0000007e   Code   RO         9823    x$fpl$trapveneer    g_wm.l(trapv.o)
    0x08012a60   0x08012a60   0x00000000   Code   RO         9825    x$fpl$usenofp       g_wm.l(usenofp.o)
    0x08012a60   0x08012a60   0x00000070   Data   RO          356    .constdata          freertos.o
    0x08012ad0   0x08012ad0   0x00000018   Data   RO         1499    .constdata          system_stm32f4xx.o
    0x08012ae8   0x08012ae8   0x00000018   Data   RO         2556    .constdata          ins_task.o
    0x08012b00   0x08012b00   0x00000012   Data   RO         2949    .constdata          bmi088driver.o
    0x08012b12   0x08012b12   0x0000000c   Data   RO         3164    .constdata          ist8310driver.o
    0x08012b1e   0x08012b1e   0x00000008   Data   RO         4359    .constdata          stm32f4xx_hal_dma.o
    0x08012b26   0x08012b26   0x00000002   PAD
    0x08012b28   0x08012b28   0x0000000c   Data   RO         9115    .constdata          AHRS.lib(ahrs.o)
    0x08012b34   0x08012b34   0x00000804   Data   RO         9469    .constdata          arm_cortexM4lf_math.lib(arm_common_tables.o)
    0x08013338   0x08013338   0x00000050   Data   RO         9593    .constdata          m_wm.l(acos.o)
    0x08013388   0x08013388   0x00000098   Data   RO         9631    .constdata          m_wm.l(atan.o)
    0x08013420   0x08013420   0x0000001d   Data   RO          357    .conststring        freertos.o
    0x0801343d   0x0801343d   0x00000003   PAD
    0x08013440   0x08013440   0x00000020   Data   RO        10002    Region$$Table       anon$$obj.o


    Execution Region RW_IRAM1 (Exec base: 0x20000000, Load base: 0x08013460, Size: 0x0000c800, Max: 0x00020000, ABSOLUTE, COMPRESSED[0x00000324])

    Exec Addr    Load Addr    Size         Type   Attr      Idx    E Section Name        Object

    0x20000000   COMPRESSED   0x00000018   Data   RW          358    .data               freertos.o
    0x20000018   COMPRESSED   0x00000004   Data   RW          412    .data               can.o
    0x2000001c   COMPRESSED   0x0000007c   Data   RW          882    .data               leg_control.o
    0x20000098   COMPRESSED   0x00000030   Data   RW         1007    .data               vmc.o
    0x200000c8   COMPRESSED   0x000001d4   Data   RW         1138    .data               lqr.o
    0x2000029c   COMPRESSED   0x00000054   Data   RW         1227    .data               leg_length.o
    0x200002f0   COMPRESSED   0x00000024   Data   RW         1299    .data               leg_harmo.o
    0x20000314   COMPRESSED   0x000001a0   Data   RW         1434    .data               lqr_r.o
    0x200004b4   COMPRESSED   0x00000004   Data   RW         1500    .data               system_stm32f4xx.o
    0x200004b8   COMPRESSED   0x00000008   Data   RW         1677    .data               bsp_delay.o
    0x200004c0   COMPRESSED   0x00000008   Data   RW         1801    .data               bsp_led.o
    0x200004c8   COMPRESSED   0x00000054   Data   RW         1915    .data               calibrate_task.o
    0x2000051c   COMPRESSED   0x0000003a   Data   RW         2154    .data               can_receive.o
    0x20000556   COMPRESSED   0x00000002   PAD
    0x20000558   COMPRESSED   0x00000054   Data   RW         2395    .data               chassis_task.o
    0x200005ac   COMPRESSED   0x000000b0   Data   RW         2557    .data               ins_task.o
    0x2000065c   COMPRESSED   0x0000002c   Data   RW         2686    .data               led_flow_task.o
    0x20000688   COMPRESSED   0x00000002   Data   RW         2727    .data               remote_control.o
    0x2000068a   COMPRESSED   0x00000002   PAD
    0x2000068c   COMPRESSED   0x00000009   Data   RW         2792    .data               test_task.o
    0x20000695   COMPRESSED   0x00000003   PAD
    0x20000698   COMPRESSED   0x00000028   Data   RW         2831    .data               com_task.o
    0x200006c0   COMPRESSED   0x0000002c   Data   RW         2950    .data               bmi088driver.o
    0x200006ec   COMPRESSED   0x0000000c   Data   RW         4781    .data               stm32f4xx_hal.o
    0x200006f8   COMPRESSED   0x0000003c   Data   RW         8118    .data               tasks.o
    0x20000734   COMPRESSED   0x00000014   Data   RW         8448    .data               timers.o
    0x20000748   COMPRESSED   0x00000020   Data   RW         8979    .data               heap_4.o
    0x20000768   COMPRESSED   0x0000000c   Data   RW         9035    .data               port.o
    0x20000774   COMPRESSED   0x00000010   Data   RW         9116    .data               AHRS.lib(ahrs.o)
    0x20000784        -       0x000006a8   Zero   RW          355    .bss                freertos.o
    0x20000e2c        -       0x00000050   Zero   RW          411    .bss                can.o
    0x20000e7c        -       0x00000054   Zero   RW          483    .bss                i2c.o
    0x20000ed0        -       0x00000020   Zero   RW          525    .bss                rtc.o
    0x20000ef0        -       0x00000118   Zero   RW          567    .bss                spi.o
    0x20001008        -       0x000000d8   Zero   RW          612    .bss                tim.o
    0x200010e0        -       0x0000024c   Zero   RW          671    .bss                usart.o
    0x2000132c        -       0x000000cc   Zero   RW          881    .bss                leg_control.o
    0x200013f8        -       0x000000a8   Zero   RW         1006    .bss                vmc.o
    0x200014a0        -       0x0000013c   Zero   RW         1137    .bss                lqr.o
    0x200015dc        -       0x000000f8   Zero   RW         1226    .bss                leg_length.o
    0x200016d4        -       0x000000a0   Zero   RW         1298    .bss                leg_harmo.o
    0x20001774        -       0x0000013c   Zero   RW         1433    .bss                lqr_r.o
    0x200018b0        -       0x00000115   Zero   RW         1913    .bss                calibrate_task.o
    0x200019c5   COMPRESSED   0x00000003   PAD
    0x200019c8        -       0x00000190   Zero   RW         2153    .bss                can_receive.o
    0x20001b58        -       0x00000408   Zero   RW         2393    .bss                chassis_task.o
    0x20001f60        -       0x000000b4   Zero   RW         2489    .bss                detect_task.o
    0x20002014        -       0x00000134   Zero   RW         2555    .bss                ins_task.o
    0x20002148        -       0x0000005e   Zero   RW         2726    .bss                remote_control.o
    0x200021a6   COMPRESSED   0x00000002   PAD
    0x200021a8        -       0x0000021d   Zero   RW         2830    .bss                com_task.o
    0x200023c5   COMPRESSED   0x00000003   PAD
    0x200023c8        -       0x00000198   Zero   RW         2896    .bss                chassis_filter.o
    0x20002560        -       0x00000040   Zero   RW         7744    .bss                queue.o
    0x200025a0        -       0x000000f0   Zero   RW         8117    .bss                tasks.o
    0x20002690        -       0x00000110   Zero   RW         8447    .bss                timers.o
    0x200027a0        -       0x00006000   Zero   RW         8978    .bss                heap_4.o
    0x200087a0        -       0x00000060   Zero   RW         9866    .bss                c_w.l(libspace.o)
    0x20008800        -       0x00002000   Zero   RW            2    HEAP                startup_stm32f407xx.o
    0x2000a800        -       0x00002000   Zero   RW            1    STACK               startup_stm32f407xx.o


==============================================================================

Image component sizes


      Code (inc. data)   RO Data    RW Data    ZI Data      Debug   Object Name

       168          4          0          0          0       5640   ahrs_middleware.o
      2338         40         18         44          0      10879   bmi088driver.o
       140         28          0          0          0       5004   bmi088middleware.o
        36         12          0          0          0     593901   bsp_buzzer.o
        92          8          0          0          0        610   bsp_can.o
       128         20          0          8          0       1388   bsp_delay.o
        12          4          0          0          0        518   bsp_imu_pwm.o
       104         22          0          8          0        608   bsp_led.o
       260         28          0          0          0       2051   bsp_rc.o
     10428        170          0          0          0       5694   bsp_spi.o
       172         10          0         84        277     611734   calibrate_task.o
       488         44          0          4         80       2490   can.o
      2712        138          0         58        400      19133   can_receive.o
        50         20          0          0        408       2024   chassis_filter.o
       376         30          0         84       1032      27035   chassis_task.o
       130          0          0          0          0      23083   cmsis_os.o
        96         22          0         40        541       7597   com_task.o
       124         10          0          0        180       1765   detect_task.o
       168          6          0          0          0        866   dma.o
         0          0          0          0          0      19776   event_groups.o
       172         40        141         24       1704       3273   freertos.o
       476         20          0          0          0       1231   gpio.o
       504         32          0         32      24576       5155   heap_4.o
       260         30          0          0         84       1769   i2c.o
      4512        346         24        176        308      18969   ins_task.o
       148          6         12          0          0       2031   ist8310driver.o
       136         22          0          0          0       4139   ist8310driver_middleware.o
         0          0          0          0          0        384   kalman_filter.o
       432         10          0         44          0       1801   led_flow_task.o
      1928        254          0        124        204      21218   leg_control.o
       144         34          0         36        160       2742   leg_harmo.o
      1472        150          0         84        248       5156   leg_length.o
       144          0          0          0          0       3718   list.o
      2104        332          0        468        316       9516   lqr.o
      1216        248          0        416        316       7052   lqr_r.o
       266         10          0          0          0     762640   main.o
       592          8          0          0          0       2578   pid.o
       814         92          0         12          0      12257   port.o
      1586         24          0          0         64      17980   queue.o
       542         32          0          2         94       4292   remote_control.o
       116         22          0          0         32       1587   rtc.o
       436         38          0          0        280       1995   spi.o
        64         26        392          0      16384        856   startup_stm32f407xx.o
       148         24          0         12          0       8917   stm32f4xx_hal.o
      2004          6          0          0          0      16013   stm32f4xx_hal_can.o
       208         16          0          0          0      33771   stm32f4xx_hal_cortex.o
      1272         18          8          0          0       7698   stm32f4xx_hal_dma.o
       598         28          0          0          0       3071   stm32f4xx_hal_gpio.o
      2796         48          0          0          0      13890   stm32f4xx_hal_i2c.o
        84          6          0          0          0        878   stm32f4xx_hal_msp.o
      1722        104          0          0          0       6672   stm32f4xx_hal_rcc.o
       380         34          0          0          0       1564   stm32f4xx_hal_rcc_ex.o
       312          0          0          0          0       2792   stm32f4xx_hal_rtc.o
      1010         14          0          0          0       4945   stm32f4xx_hal_spi.o
      1770         56          0          0          0      13979   stm32f4xx_hal_tim.o
       154          0          0          0          0       1448   stm32f4xx_hal_tim_ex.o
      1888         22          0          0          0      14621   stm32f4xx_hal_uart.o
       192         42          0          0          0       9019   stm32f4xx_it.o
       100         18         24          4          0       1215   system_stm32f4xx.o
      3014        248          0         60        240      34889   tasks.o
       104          8          0          9          0       1944   test_task.o
       936         84          0          0        216       4120   tim.o
      1088         94          0         20        272      31227   timers.o
       968         88          0          0        588       3604   usart.o
        36          4          0          0          0       2030   user_lib_1.o
      4496        244          0         48        168      24616   vmc.o

    ----------------------------------------------------------------------
     61432       3598        656       1908      49180    2477058   Object Totals
         0          0         32          0          0          0   (incl. Generated)
        66          0          5          7          8          0   (incl. Padding)

    ----------------------------------------------------------------------

      Code (inc. data)   RO Data    RW Data    ZI Data      Debug   Library Member Name

      2718         84         12         16          0       9922   ahrs.o
         0          0       2052          0          0       4636   arm_common_tables.o
       120         12          0          0          0      16970   arm_cos_f32.o
       316          4          0          0          0       1627   arm_mat_mult_f32.o
       116         12          0          0          0        658   arm_sin_f32.o
       100          0          0          0          0          0   __dclz77c.o
         8          0          0          0          0         68   __main.o
         0          0          0          0          0          0   __rtentry.o
        12          0          0          0          0          0   __rtentry2.o
         6          0          0          0          0          0   __rtentry4.o
        52          8          0          0          0          0   __scatter.o
        28          0          0          0          0          0   __scatter_zi.o
        48          4          0          0          0         84   _fptrap.o
        22          0          0          0          0        100   _rserrno.o
        16          0          0          0          0         68   aeabi_memset.o
        10          0          0          0          0         68   defsig_exit.o
       172        110          0          0          0         76   defsig_fpe_inner.o
        14          0          0          0          0         80   defsig_fpe_outer.o
        50          0          0          0          0         88   defsig_general.o
        18          0          0          0          0         80   exit.o
         6          0          0          0          0        152   heapauxi.o
         0          0          0          0          0          0   indicate_semi.o
         2          0          0          0          0          0   libinit.o
         6          0          0          0          0          0   libinit2.o
         2          0          0          0          0          0   libshutdown.o
         2          0          0          0          0          0   libshutdown2.o
         8          4          0          0         96         68   libspace.o
       238          0          0          0          0        100   lludivv7m.o
         8          4          0          0          0         68   rt_errno_addr_intlibspace.o
        68          0          0          0          0         68   rt_memclr.o
        78          0          0          0          0         80   rt_memclr_w.o
       138          0          0          0          0         68   rt_memcpy_v6.o
       100          0          0          0          0         80   rt_memcpy_w.o
         2          0          0          0          0          0   rtexit.o
        10          0          0          0          0          0   rtexit2.o
        62          0          0          0          0         76   strlen.o
        12          4          0          0          0         68   sys_exit.o
        74          0          0          0          0         80   sys_stackheap_outer.o
        14          0          0          0          0         76   sys_wrch.o
         2          0          0          0          0         68   use_no_semi.o
        24          0          0          0          0        164   basic.o
       708         16          0          0          0        140   d2f_clz.o
      1336         32          0          0          0        532   daddsub_clz.o
        24          0          0          0          0        116   dcmpi.o
       892        152          0          0          0        292   ddiv_clz.o
        26          0          0          0          0        116   dflt_clz.o
       120          8          0          0          0        140   dleqf.o
       448         16          0          0          0        164   dmul_clz.o
       258          4          0          0          0        156   dnaninf.o
       112          0          0          0          0        160   drenorm_clz.o
        12          0          0          0          0        116   dretinf.o
        98          0          0          0          0        128   drleqf.o
       520         56          0          0          0        180   dsqrt_umaalclz.o
       378          0          0          0          0        168   dunder_clz.o
       492         36          0          0          0        148   except.o
       122          8          0          0          0        132   f2d.o
       242          4          0          0          0        144   fnaninf.o
        10          0          0          0          0        116   fpinit.o
        10          0          0          0          0        116   fretinf.o
       316          0          0          0          0        132   funder_clz.o
       178          0          0          0          0        116   retnan.o
       126          0          0          0          0        148   trapv.o
         0          0          0          0          0          0   usenofp.o
       856        118         80          0          0        288   acos.o
       300         42          0          0          0        176   asinf.o
       728        106        152          0          0        228   atan.o
       684         90          0          0          0        208   atan2f.o
        84         16          0          0          0        372   dunder.o
        44          0          0          0          0        248   fabs.o
        48          0          0          0          0        124   fpclassify.o
        38          0          0          0          0        116   fpclassifyf.o
        44         12          0          0          0        464   funder.o
       248          0          0          0          0        152   poly.o
       232          0          0          0          0        296   sqrt_full.o
       120          0          0          0          0        272   sqrtf_full.o

    ----------------------------------------------------------------------
     14560        966       2296         16         96      42145   Library Totals
        24          4          0          0          0          0   (incl. Padding)

    ----------------------------------------------------------------------

      Code (inc. data)   RO Data    RW Data    ZI Data      Debug   Library Name

      2718         84         12         16          0       9922   AHRS.lib
       552         28       2052          0          0      23891   arm_cortexM4lf_math.lib
      1388        134          0          0         96       1764   c_w.l
      6452        332          0          0          0       3624   g_wm.l
      3426        384        232          0          0       2944   m_wm.l

    ----------------------------------------------------------------------
     14560        966       2296         16         96      42145   Library Totals

    ----------------------------------------------------------------------

==============================================================================


      Code (inc. data)   RO Data    RW Data    ZI Data      Debug   

     75992       4564       2952       1924      49276    2479067   Grand Totals
     75992       4564       2952        804      49276    2479067   ELF Image Totals (compressed)
     75992       4564       2952        804          0          0   ROM Totals

==============================================================================

    Total RO  Size (Code + RO Data)                78944 (  77.09kB)
    Total RW  Size (RW Data + ZI Data)             51200 (  50.00kB)
    Total ROM Size (Code + RO Data + RW Data)      79748 (  77.88kB)

==============================================================================

